Archive member included to satisfy reference by file (symbol)

platform/libplatform_s.a(system_nrf5340_application.o)
                              secure_fw/CMakeFiles/tfm_s.dir/__/platform/ext/target/nordic_nrf/common/core/startup.o (SystemInit)
platform/libplatform_s.a(exception_info.o)
                              secure_fw/CMakeFiles/tfm_s.dir/__/platform/ext/target/nordic_nrf/common/core/startup_nrf5340.o (store_and_dump_context)
secure_fw/partitions/lib/runtime/libtfm_sprt.a(crt_memcpy.o)
                              platform/libplatform_s.a(exception_info.o) (memcpy)
secure_fw/partitions/lib/runtime/libtfm_sprt.a(crt_memset.o)
                              /home/adi262/ncs/toolchains/e9dba88316/opt/zephyr-sdk/arm-zephyr-eabi/bin/../lib/gcc/arm-zephyr-eabi/12.2.0/../../../../arm-zephyr-eabi/lib/thumb/v8-m.main/nofp/crt0.o (memset)
secure_fw/partitions/lib/runtime/libtfm_sprt.a(psa_interface_sfn.o)
                              secure_fw/CMakeFiles/tfm_s.dir/partitions/ns_agent_tz/psa_api_veneers_v80m.o (psa_framework_version)
secure_fw/spm/libtfm_spm.a(utilities.o)
                              secure_fw/CMakeFiles/tfm_s.dir/__/platform/ext/target/nordic_nrf/common/core/startup.o (tfm_core_panic)
secure_fw/spm/libtfm_spm.a(main.o)
                              /home/adi262/ncs/toolchains/e9dba88316/opt/zephyr-sdk/arm-zephyr-eabi/bin/../lib/gcc/arm-zephyr-eabi/12.2.0/../../../../arm-zephyr-eabi/lib/thumb/v8-m.main/nofp/crt0.o (main)
secure_fw/spm/libtfm_spm.a(psa_api.o)
                              secure_fw/partitions/lib/runtime/libtfm_sprt.a(psa_interface_sfn.o) (spm_handle_programmer_errors)
secure_fw/spm/libtfm_spm.a(psa_call_api.o)
                              secure_fw/partitions/lib/runtime/libtfm_sprt.a(psa_interface_sfn.o) (tfm_spm_client_psa_call)
secure_fw/spm/libtfm_spm.a(psa_version_api.o)
                              secure_fw/partitions/lib/runtime/libtfm_sprt.a(psa_interface_sfn.o) (tfm_spm_client_psa_framework_version)
secure_fw/spm/libtfm_spm.a(psa_read_write_skip_api.o)
                              secure_fw/partitions/lib/runtime/libtfm_sprt.a(psa_interface_sfn.o) (tfm_spm_partition_psa_read)
secure_fw/spm/libtfm_spm.a(backend_sfn.o)
                              secure_fw/partitions/lib/runtime/libtfm_sprt.a(psa_interface_sfn.o) (p_current_partition)
secure_fw/spm/libtfm_spm.a(tfm_svcalls.o)
                              secure_fw/spm/libtfm_spm.a(main.o) (tfm_core_handler_mode)
secure_fw/spm/libtfm_spm.a(spm_local_connection.o)
                              secure_fw/spm/libtfm_spm.a(psa_api.o) (spm_free_connection)
secure_fw/spm/libtfm_spm.a(tfm_arch_v8m_main.o)
                              secure_fw/spm/libtfm_spm.a(main.o) (tfm_arch_set_secure_exception_priorities)
secure_fw/spm/libtfm_spm.a(ns_agent_tz_v80m.o)
                              secure_fw/CMakeFiles/tfm_s.dir/partitions/ns_agent_tz/load_info_ns_agent_tz.o (ns_agent_tz_main)
secure_fw/spm/libtfm_spm.a(tfm_hal_isolation.o)
                              secure_fw/spm/libtfm_spm.a(psa_call_api.o) (tfm_hal_memory_check)
secure_fw/spm/libtfm_spm.a(tfm_hal_platform_common.o)
                              secure_fw/spm/libtfm_spm.a(backend_sfn.o) (tfm_hal_get_ns_entry_point)
secure_fw/spm/libtfm_spm.a(faults.o)
                              secure_fw/CMakeFiles/tfm_s.dir/__/platform/ext/target/nordic_nrf/common/core/startup_nrf5340.o (SPU_IRQHandler)
secure_fw/spm/libtfm_spm.a(target_cfg.o)
                              secure_fw/spm/libtfm_spm.a(tfm_hal_platform_common.o) (enable_fault_handlers)
secure_fw/spm/libtfm_spm.a(tfm_boot_data.o)
                              secure_fw/spm/libtfm_spm.a(main.o) (tfm_core_validate_boot_data)
secure_fw/spm/libtfm_spm.a(tfm_arch.o)
                              secure_fw/spm/libtfm_spm.a(tfm_svcalls.o) (tfm_arch_free_msp_and_exc_ret)
secure_fw/spm/libtfm_spm.a(spm_ipc.o)
                              secure_fw/spm/libtfm_spm.a(psa_version_api.o) (tfm_spm_get_service_by_sid)
secure_fw/spm/libtfm_spm.a(rom_loader.o)
                              secure_fw/spm/libtfm_spm.a(spm_ipc.o) (load_a_partition_assuredly)
secure_fw/spm/libtfm_spm.a(tfm_spm_ns_ctx.o)
                              secure_fw/spm/libtfm_spm.a(spm_ipc.o) (tfm_nspm_get_current_client_id)
secure_fw/partitions/crypto/libtfm_psa_rot_partition_crypto.a(crypto_init.o)
                              secure_fw/CMakeFiles/tfm_s.dir/__/generated/secure_fw/partitions/crypto/auto_generated/load_info_tfm_crypto.o (tfm_crypto_init)
secure_fw/partitions/crypto/libtfm_psa_rot_partition_crypto.a(crypto_alloc.o)
                              secure_fw/partitions/crypto/libtfm_psa_rot_partition_crypto.a(crypto_init.o) (tfm_crypto_init_alloc)
secure_fw/partitions/crypto/libtfm_psa_rot_partition_crypto.a(crypto_cipher.o)
                              secure_fw/partitions/crypto/libtfm_psa_rot_partition_crypto.a(crypto_init.o) (tfm_crypto_cipher_interface)
secure_fw/partitions/crypto/libtfm_psa_rot_partition_crypto.a(crypto_hash.o)
[...]
Memory Configuration

Name             Origin             Length             Attributes
FLASH            0x0000000000000000 0x0000000000008000 xr
RAM              0x0000000020000000 0x0000000000008000 xrw
*default*        0x0000000000000000 0xffffffffffffffff

Linker script and memory map

LOAD /home/adi262/ncs/toolchains/e9dba88316/opt/zephyr-sdk/arm-zephyr-eabi/bin/../lib/gcc/arm-zephyr-eabi/12.2.0/thumb/v8-m.main/nofp/crti.o
LOAD /home/adi262/ncs/toolchains/e9dba88316/opt/zephyr-sdk/arm-zephyr-eabi/bin/../lib/gcc/arm-zephyr-eabi/12.2.0/thumb/v8-m.main/nofp/crtbegin.o
LOAD /home/adi262/ncs/toolchains/e9dba88316/opt/zephyr-sdk/arm-zephyr-eabi/bin/../lib/gcc/arm-zephyr-eabi/12.2.0/../../../../arm-zephyr-eabi/lib/thumb/v8-m.main/nofp/crt0.o
LOAD secure_fw/CMakeFiles/tfm_s.dir/partitions/ns_agent_tz/psa_api_veneers_v80m.o
LOAD secure_fw/CMakeFiles/tfm_s.dir/__/platform/ext/target/nordic_nrf/common/core/startup.o
LOAD secure_fw/CMakeFiles/tfm_s.dir/__/platform/ext/target/nordic_nrf/common/core/startup_nrf5340.o
LOAD secure_fw/CMakeFiles/tfm_s.dir/__/platform/ext/common/faults.o
LOAD secure_fw/CMakeFiles/tfm_s.dir/__/generated/secure_fw/partitions/crypto/auto_generated/load_info_tfm_crypto.o
LOAD secure_fw/CMakeFiles/tfm_s.dir/__/generated/secure_fw/partitions/platform/auto_generated/load_info_tfm_platform.o
LOAD secure_fw/CMakeFiles/tfm_s.dir/partitions/ns_agent_tz/load_info_ns_agent_tz.o
LOAD secure_fw/CMakeFiles/tfm_s.dir/__/platform/ext/common/syscalls_stub.o
LOAD platform/libplatform_s.a
LOAD secure_fw/partitions/lib/runtime/libtfm_sprt.a
LOAD secure_fw/spm/libtfm_spm.a
LOAD secure_fw/partitions/crypto/libtfm_psa_rot_partition_crypto.a
LOAD platform/libplatform_crypto_keys.a
LOAD secure_fw/partitions/crypto/mbedcrypto/nrf_security_src/libcrypto_service_mbedcrypto.a
LOAD secure_fw/partitions/platform/libtfm_psa_rot_partition_platform.a
LOAD platform/libplatform_s.a
LOAD secure_fw/partitions/lib/runtime/libtfm_sprt.a
LOAD secure_fw/spm/libtfm_spm.a
LOAD secure_fw/partitions/crypto/libtfm_psa_rot_partition_crypto.a
LOAD platform/libplatform_crypto_keys.a
LOAD secure_fw/partitions/crypto/mbedcrypto/nrf_security_src/libcrypto_service_mbedcrypto.a
LOAD secure_fw/partitions/platform/libtfm_psa_rot_partition_platform.a
LOAD platform/libplatform_s.a
LOAD secure_fw/partitions/lib/runtime/libtfm_sprt.a
LOAD secure_fw/spm/libtfm_spm.a
LOAD secure_fw/partitions/crypto/libtfm_psa_rot_partition_crypto.a
LOAD platform/libplatform_crypto_keys.a
LOAD secure_fw/partitions/crypto/mbedcrypto/nrf_security_src/libcrypto_service_mbedcrypto.a
LOAD secure_fw/partitions/platform/libtfm_psa_rot_partition_platform.a
LOAD /home/adi262/fp-f24-iot-venture-pitch-smartbeehive/memfault_ble_prj/nrfxlib/crypto/nrf_cc312_platform/lib/cortex-m33/soft-float/no-interrupts/libnrf_cc312_platform_0.9.19.a
LOAD /home/adi262/fp-f24-iot-venture-pitch-smartbeehive/memfault_ble_prj/nrfxlib/crypto/nrf_oberon/lib/cortex-m33/soft-float/liboberon_mbedtls_3.0.15.a
LOAD secure_fw/partitions/crypto/mbedcrypto/nrf_security_src/libmbedcrypto_base.a
LOAD /home/adi262/fp-f24-iot-venture-pitch-smartbeehive/memfault_ble_prj/nrfxlib/crypto/nrf_oberon/lib/cortex-m33/soft-float/liboberon_3.0.15.a
START GROUP
LOAD /home/adi262/ncs/toolchains/e9dba88316/opt/zephyr-sdk/arm-zephyr-eabi/bin/../lib/gcc/arm-zephyr-eabi/12.2.0/thumb/v8-m.main/nofp/libgcc.a
LOAD /home/adi262/ncs/toolchains/e9dba88316/opt/zephyr-sdk/arm-zephyr-eabi/bin/../lib/gcc/arm-zephyr-eabi/12.2.0/../../../../arm-zephyr-eabi/lib/thumb/v8-m.main/nofp/libc_nano.a
END GROUP
START GROUP
LOAD /home/adi262/ncs/toolchains/e9dba88316/opt/zephyr-sdk/arm-zephyr-eabi/bin/../lib/gcc/arm-zephyr-eabi/12.2.0/thumb/v8-m.main/nofp/libgcc.a
LOAD /home/adi262/ncs/toolchains/e9dba88316/opt/zephyr-sdk/arm-zephyr-eabi/bin/../lib/gcc/arm-zephyr-eabi/12.2.0/../../../../arm-zephyr-eabi/lib/thumb/v8-m.main/nofp/libc_nano.a
END GROUP
LOAD /home/adi262/ncs/toolchains/e9dba88316/opt/zephyr-sdk/arm-zephyr-eabi/bin/../lib/gcc/arm-zephyr-eabi/12.2.0/thumb/v8-m.main/nofp/crtend.o
LOAD /home/adi262/ncs/toolchains/e9dba88316/opt/zephyr-sdk/arm-zephyr-eabi/bin/../lib/gcc/arm-zephyr-eabi/12.2.0/thumb/v8-m.main/nofp/crtn.o
                0x0000000000000800                __msp_stack_size__ = 0x800
START GROUP
LOAD /home/adi262/ncs/toolchains/e9dba88316/opt/zephyr-sdk/arm-zephyr-eabi/bin/../lib/gcc/arm-zephyr-eabi/12.2.0/thumb/v8-m.main/nofp/libgcc.a
LOAD /home/adi262/ncs/toolchains/e9dba88316/opt/zephyr-sdk/arm-zephyr-eabi/bin/../lib/gcc/arm-zephyr-eabi/12.2.0/../../../../arm-zephyr-eabi/lib/thumb/v8-m.main/nofp/libc.a
LOAD /home/adi262/ncs/toolchains/e9dba88316/opt/zephyr-sdk/arm-zephyr-eabi/bin/../lib/gcc/arm-zephyr-eabi/12.2.0/../../../../arm-zephyr-eabi/lib/thumb/v8-m.main/nofp/libm.a
LOAD /home/adi262/ncs/toolchains/e9dba88316/opt/zephyr-sdk/arm-zephyr-eabi/bin/../lib/gcc/arm-zephyr-eabi/12.2.0/../../../../arm-zephyr-eabi/lib/thumb/v8-m.main/nofp/libnosys.a
LOAD /home/adi262/ncs/toolchains/e9dba88316/opt/zephyr-sdk/arm-zephyr-eabi/bin/../lib/gcc/arm-zephyr-eabi/12.2.0/../../../../arm-zephyr-eabi/lib/thumb/v8-m.main/nofp/libc_nano.a
END GROUP

.TFM_VECTORS    0x0000000000000000      0x154
                0x0000000000000000                __vectors_start__ = .
 *(.vectors)
 .vectors       0x0000000000000000      0x154 secure_fw/CMakeFiles/tfm_s.dir/__/platform/ext/target/nordic_nrf/common/core/startup_nrf5340.o
                0x0000000000000000                __Vectors
                0x0000000000000154                . = ALIGN (0x4)
                0x0000000000000154                __vectors_end__ = .
                0x0000000000000001                ASSERT ((. <= (ADDR (.TFM_VECTORS) + 0x154)), .TFM_VECTORS section size overflow.)
                0x0000000000000154                . = (ADDR (.TFM_VECTORS) + 0x154)

.TFM_SP_LOAD_LIST
                0x0000000000000154       0xbc
 *(.part_load_priority_00)
 .part_load_priority_00
                0x0000000000000154       0x30 secure_fw/CMakeFiles/tfm_s.dir/partitions/ns_agent_tz/load_info_ns_agent_tz.o
                0x0000000000000154                tfm_sp_ns_agent_tz_load
 *(.part_load_priority_01)
 *(.part_load_priority_02)
 .part_load_priority_02
                0x0000000000000184       0x48 secure_fw/CMakeFiles/tfm_s.dir/__/generated/secure_fw/partitions/crypto/auto_generated/load_info_tfm_crypto.o
                0x0000000000000184                tfm_sp_crypto_load
 .part_load_priority_02
                0x00000000000001cc       0x44 secure_fw/CMakeFiles/tfm_s.dir/__/generated/secure_fw/partitions/platform/auto_generated/load_info_tfm_platform.o
                0x00000000000001cc                tfm_sp_platform_load
 *(.part_load_priority_03)
                0x0000000000000154                Image$$TFM_SP_LOAD_LIST$$RO$$Base = ADDR (.TFM_SP_LOAD_LIST)
                0x0000000000000210                Image$$TFM_SP_LOAD_LIST$$RO$$Limit = (ADDR (.TFM_SP_LOAD_LIST) + SIZEOF (.TFM_SP_LOAD_LIST))
                0x0000000000000220                . = ALIGN (0x20)
                0x0000000000000220                Image$$TFM_PSA_CODE_START$$Base = .

.TFM_PSA_ROT_LINKER
                0x0000000000000220      0x420
 *tfm_psa_rot_partition*:(SORT_BY_ALIGNMENT(.text*))
 .text.tfm_crypto_clear_scratch
                0x0000000000000220       0x20 secure_fw/partitions/crypto/libtfm_psa_rot_partition_crypto.a(crypto_init.o)
 .text.tfm_crypto_api_dispatcher
                0x0000000000000240       0xb0 secure_fw/partitions/crypto/libtfm_psa_rot_partition_crypto.a(crypto_init.o)
                0x0000000000000240                tfm_crypto_api_dispatcher
 .text.tfm_crypto_sfn
                0x00000000000002f0      0x170 secure_fw/partitions/crypto/libtfm_psa_rot_partition_crypto.a(crypto_init.o)
                0x00000000000002f0                tfm_crypto_sfn
 .text.tfm_crypto_init_alloc
                0x0000000000000460       0x14 secure_fw/partitions/crypto/libtfm_psa_rot_partition_crypto.a(crypto_alloc.o)
                0x0000000000000460                tfm_crypto_init_alloc
 .text.tfm_crypto_library_get_info
                0x0000000000000474       0x1c secure_fw/partitions/crypto/libtfm_psa_rot_partition_crypto.a(crypto_library.o)
                0x0000000000000474                tfm_crypto_library_get_info
 .text.tfm_crypto_core_library_init
                0x0000000000000490       0x14 secure_fw/partitions/crypto/libtfm_psa_rot_partition_crypto.a(crypto_library.o)
                0x0000000000000490                tfm_crypto_core_library_init
 .text.tfm_crypto_init
                0x00000000000004a4       0x1c secure_fw/partitions/crypto/libtfm_psa_rot_partition_crypto.a(crypto_init.o)
                0x00000000000004a4                tfm_crypto_init
 .text.tfm_crypto_cipher_interface
                0x00000000000004c0        0x6 secure_fw/partitions/crypto/libtfm_psa_rot_partition_crypto.a(crypto_cipher.o)
                0x00000000000004c0                tfm_crypto_cipher_interface
 .text.tfm_crypto_hash_interface
                0x00000000000004c6        0x6 secure_fw/partitions/crypto/libtfm_psa_rot_partition_crypto.a(crypto_hash.o)
                0x00000000000004c6                tfm_crypto_hash_interface
 .text.tfm_crypto_mac_interface
                0x00000000000004cc        0x6 secure_fw/partitions/crypto/libtfm_psa_rot_partition_crypto.a(crypto_mac.o)
                0x00000000000004cc                tfm_crypto_mac_interface
 .text.tfm_crypto_aead_interface
                0x00000000000004d2        0x6 secure_fw/partitions/crypto/libtfm_psa_rot_partition_crypto.a(crypto_aead.o)
                0x00000000000004d2                tfm_crypto_aead_interface
 .text.tfm_crypto_asymmetric_sign_interface
                0x00000000000004d8        0x6 secure_fw/partitions/crypto/libtfm_psa_rot_partition_crypto.a(crypto_asymmetric.o)
                0x00000000000004d8                tfm_crypto_asymmetric_sign_interface
 .text.tfm_crypto_asymmetric_encrypt_interface
                0x00000000000004de        0x6 secure_fw/partitions/crypto/libtfm_psa_rot_partition_crypto.a(crypto_asymmetric.o)
                0x00000000000004de                tfm_crypto_asymmetric_encrypt_interface
 .text.tfm_crypto_key_derivation_interface
                0x00000000000004e4        0x6 secure_fw/partitions/crypto/libtfm_psa_rot_partition_crypto.a(crypto_key_derivation.o)
                0x00000000000004e4                tfm_crypto_key_derivation_interface
 .text.tfm_crypto_key_management_interface
                0x00000000000004ea        0x6 secure_fw/partitions/crypto/libtfm_psa_rot_partition_crypto.a(crypto_key_management.o)
                0x00000000000004ea                tfm_crypto_key_management_interface
 .text.tfm_crypto_random_interface
                0x00000000000004f0        0x8 secure_fw/partitions/crypto/libtfm_psa_rot_partition_crypto.a(crypto_rng.o)
                0x00000000000004f0                tfm_crypto_random_interface
 .text.tfm_crypto_pake_interface
                0x00000000000004f8        0x6 secure_fw/partitions/crypto/libtfm_psa_rot_partition_crypto.a(crypto_pake.o)
                0x00000000000004f8                tfm_crypto_pake_interface
 .text.tfm_platform_service_sfn
                0x00000000000004fe      0x114 secure_fw/partitions/platform/libtfm_psa_rot_partition_platform.a(platform_sp.o)
                0x00000000000004fe                tfm_platform_service_sfn
 .text.platform_sp_init
                0x0000000000000612        0x4 secure_fw/partitions/platform/libtfm_psa_rot_partition_platform.a(platform_sp.o)
                0x0000000000000612                platform_sp_init
 *tfm_psa_rot_partition*:(SORT_BY_ALIGNMENT(.rodata*))
 .rodata.tfm_crypto_library_get_info.str1.1
                0x0000000000000616        0xf secure_fw/partitions/crypto/libtfm_psa_rot_partition_crypto.a(crypto_library.o)
 *(TFM_*_PSA-ROT_ATTR_FN)
                0x0000000000000640                . = ALIGN (0x20)
 *fill*         0x0000000000000625       0x1b 
                0x0000000000000220                Image$$TFM_PSA_ROT_LINKER$$RO$$Base = ADDR (.TFM_PSA_ROT_LINKER)
                0x0000000000000640                Image$$TFM_PSA_ROT_LINKER$$RO$$Limit = (ADDR (.TFM_PSA_ROT_LINKER) + SIZEOF (.TFM_PSA_ROT_LINKER))
                0x0000000000000220                Image$$TFM_PSA_ROT_LINKER$$Base = ADDR (.TFM_PSA_ROT_LINKER)
                0x0000000000000640                Image$$TFM_PSA_ROT_LINKER$$Limit = (ADDR (.TFM_PSA_ROT_LINKER) + SIZEOF (.TFM_PSA_ROT_LINKER))
                0x0000000000000640                Image$$TFM_PSA_CODE_END$$Base = .
                0x0000000000000640                Image$$TFM_APP_CODE_START$$Base = .

.TFM_APP_ROT_LINKER
                0x0000000000000640        0x0
 *tfm_app_rot_partition*:(SORT_BY_ALIGNMENT(.text*))
 *tfm_app_rot_partition*:(SORT_BY_ALIGNMENT(.rodata*))
 *(TFM_*_APP-ROT_ATTR_FN)
                0x0000000000000640                . = ALIGN (0x20)
                0x0000000000000640                Image$$TFM_APP_ROT_LINKER$$RO$$Base = ADDR (.TFM_APP_ROT_LINKER)
                0x0000000000000640                Image$$TFM_APP_ROT_LINKER$$RO$$Limit = (ADDR (.TFM_APP_ROT_LINKER) + SIZEOF (.TFM_APP_ROT_LINKER))
                0x0000000000000640                Image$$TFM_APP_ROT_LINKER$$Base = ADDR (.TFM_APP_ROT_LINKER)
                0x0000000000000640                Image$$TFM_APP_ROT_LINKER$$Limit = (ADDR (.TFM_APP_ROT_LINKER) + SIZEOF (.TFM_APP_ROT_LINKER))
                0x0000000000000640                Image$$TFM_APP_CODE_END$$Base = .

.ARM.extab
 *(.ARM.extab* .gnu.linkonce.armextab.*)
                0x0000000000000640                __exidx_start = .

.ARM.exidx      0x0000000000000640        0x8
 *(.ARM.exidx* .gnu.linkonce.armexidx.*)
 .ARM.exidx     0x0000000000000640        0x8 /home/adi262/ncs/toolchains/e9dba88316/opt/zephyr-sdk/arm-zephyr-eabi/bin/../lib/gcc/arm-zephyr-eabi/12.2.0/../../../../arm-zephyr-eabi/lib/thumb/v8-m.main/nofp/crt0.o
                                         0x10 (size before relaxing)
                0x0000000000000648                __exidx_end = .

.ER_TFM_CODE    0x0000000000000648     0x1a4c
                0x0000000000000648                . = ALIGN (0x4)
                0x0000000000000648                __copy_table_start__ = .
                0x0000000000000648        0x4 LONG 0x7c40 LOADADDR (.TFM_DATA)
                0x000000000000064c        0x4 LONG 0x20001080 ADDR (.TFM_DATA)
                0x0000000000000650        0x4 LONG 0x3f (SIZEOF (.TFM_DATA) / 0x4)
                0x0000000000000654        0x4 LONG 0x7c40 LOADADDR (.TFM_PSA_ROT_LINKER_DATA)
                0x0000000000000658        0x4 LONG 0x20000c20 ADDR (.TFM_PSA_ROT_LINKER_DATA)
                0x000000000000065c        0x4 LONG 0x0 (SIZEOF (.TFM_PSA_ROT_LINKER_DATA) / 0x4)
                0x0000000000000660        0x4 LONG 0x7c40 LOADADDR (.TFM_APP_ROT_LINKER_DATA)
                0x0000000000000664        0x4 LONG 0x20000c00 ADDR (.TFM_APP_ROT_LINKER_DATA)
                0x0000000000000668        0x4 LONG 0x0 (SIZEOF (.TFM_APP_ROT_LINKER_DATA) / 0x4)
                0x000000000000066c                __copy_table_end__ = .
                0x000000000000066c                . = ALIGN (0x4)
                0x000000000000066c                __zero_table_start__ = .
                0x000000000000066c        0x4 LONG 0x2000117c ADDR (.TFM_BSS)
                0x0000000000000670        0x4 LONG 0x5aa (SIZEOF (.TFM_BSS) / 0x4)
                0x0000000000000674        0x4 LONG 0x20000c20 ADDR (.TFM_PSA_ROT_LINKER_BSS)
                0x0000000000000678        0x4 LONG 0x118 (SIZEOF (.TFM_PSA_ROT_LINKER_BSS) / 0x4)
                0x000000000000067c        0x4 LONG 0x20000c00 ADDR (.TFM_APP_ROT_LINKER_BSS)
                0x0000000000000680        0x4 LONG 0x8 (SIZEOF (.TFM_APP_ROT_LINKER_BSS) / 0x4)
                0x0000000000000684                __zero_table_end__ = .
 *startup*(.text*)
 .text.default_irq_handler
                0x0000000000000684        0x4 secure_fw/CMakeFiles/tfm_s.dir/__/platform/ext/target/nordic_nrf/common/core/startup.o
                0x0000000000000684                default_irq_handler
 .text.Reset_Handler
                0x0000000000000688       0xa4 secure_fw/CMakeFiles/tfm_s.dir/__/platform/ext/target/nordic_nrf/common/core/startup.o
                0x0000000000000688                Reset_Handler
 .text.default_tfm_IRQHandler
                0x000000000000072c       0x1c secure_fw/CMakeFiles/tfm_s.dir/__/platform/ext/target/nordic_nrf/common/core/startup_nrf5340.o
                0x000000000000072c                TIMER2_IRQHandler
                0x000000000000072c                DebugMon_Handler
                0x000000000000072c                SPIM4_IRQHandler
                0x000000000000072c                RTC0_IRQHandler
                0x000000000000072c                SERIAL1_IRQHandler
                0x000000000000072c                SysTick_Handler
                0x000000000000072c                PWM1_IRQHandler
                0x000000000000072c                SERIAL3_IRQHandler
                0x000000000000072c                PendSV_Handler
                0x000000000000072c                NMI_Handler
                0x000000000000072c                WDT0_IRQHandler
                0x000000000000072c                I2S0_IRQHandler
                0x000000000000072c                default_tfm_IRQHandler
                0x000000000000072c                IPC_IRQHandler
                0x000000000000072c                SERIAL2_IRQHandler
                0x000000000000072c                PWM3_IRQHandler
                0x000000000000072c                QDEC1_IRQHandler
                0x000000000000072c                FPU_IRQHandler
                0x000000000000072c                USBD_IRQHandler
                0x000000000000072c                EGU3_IRQHandler
                0x000000000000072c                KMU_IRQHandler
                0x000000000000072c                CRYPTOCELL_IRQHandler
                0x000000000000072c                EGU2_IRQHandler
                0x000000000000072c                TIMER0_IRQHandler
                0x000000000000072c                CACHE_IRQHandler
                0x000000000000072c                EGU4_IRQHandler
                0x000000000000072c                EGU0_IRQHandler
                0x000000000000072c                GPIOTE1_IRQHandler
                0x000000000000072c                TIMER1_IRQHandler
                0x000000000000072c                PWM2_IRQHandler
                0x000000000000072c                EGU1_IRQHandler
                0x000000000000072c                EGU5_IRQHandler
                0x000000000000072c                SAADC_IRQHandler
                0x000000000000072c                GPIOTE0_IRQHandler
                0x000000000000072c                QDEC0_IRQHandler
                0x000000000000072c                PWM0_IRQHandler
                0x000000000000072c                RTC1_IRQHandler
                0x000000000000072c                SERIAL0_IRQHandler
                0x000000000000072c                USBREGULATOR_IRQHandler
                0x000000000000072c                NFCT_IRQHandler
                0x000000000000072c                WDT1_IRQHandler
                0x000000000000072c                QSPI_IRQHandler
                0x000000000000072c                COMP_LPCOMP_IRQHandler
                0x000000000000072c                CLOCK_POWER_IRQHandler
                0x000000000000072c                PDM0_IRQHandler
 *libplatform_s*:(SORT_BY_ALIGNMENT(.text*))
 .text.nrf53_errata_42
                0x0000000000000748       0x24 platform/libplatform_s.a(system_nrf5340_application.o)
 .text.SystemInit
                0x000000000000076c      0x224 platform/libplatform_s.a(system_nrf5340_application.o)
                0x000000000000076c                SystemInit
 .text.tfm_exception_info_get_context
                0x0000000000000990        0xc platform/libplatform_s.a(exception_info.o)
                0x0000000000000990                tfm_exception_info_get_context
 .text.store_and_dump_context
                0x000000000000099c       0x9c platform/libplatform_s.a(exception_info.o)
                0x000000000000099c                store_and_dump_context
 .text.mpu_armv8m_enable
                0x0000000000000a38       0x34 platform/libplatform_s.a(mpu_armv8m_drv.o)
                0x0000000000000a38                mpu_armv8m_enable
 .text.spu_enable_interrupts
                0x0000000000000a6c       0x10 platform/libplatform_s.a(spu.o)
                0x0000000000000a6c                spu_enable_interrupts
 .text.spu_events_get
                0x0000000000000a7c       0x28 platform/libplatform_s.a(spu.o)
                0x0000000000000a7c                spu_events_get
 .text.spu_clear_events
                0x0000000000000aa4       0x24 platform/libplatform_s.a(spu.o)
                0x0000000000000aa4                spu_clear_events
 .text.spu_regions_reset_unlocked_secure
                0x0000000000000ac8       0x30 platform/libplatform_s.a(spu.o)
                0x0000000000000ac8                spu_regions_reset_unlocked_secure
 .text.spu_regions_flash_config
                0x0000000000000af8       0x2c platform/libplatform_s.a(spu.o)
                0x0000000000000af8                spu_regions_flash_config
 .text.spu_regions_sram_config
                0x0000000000000b24       0x34 platform/libplatform_s.a(spu.o)
                0x0000000000000b24                spu_regions_sram_config
 .text.spu_regions_flash_config_non_secure_callable
                0x0000000000000b58       0x30 platform/libplatform_s.a(spu.o)
                0x0000000000000b58                spu_regions_flash_config_non_secure_callable
 .text.spu_regions_sram_get_last_address_in_region
                0x0000000000000b88        0xc platform/libplatform_s.a(spu.o)
                0x0000000000000b88                spu_regions_sram_get_last_address_in_region
 .text.spu_peripheral_config_secure
                0x0000000000000b94       0x1c platform/libplatform_s.a(spu.o)
                0x0000000000000b94                spu_peripheral_config_secure
 .text.spu_peripheral_config_non_secure
                0x0000000000000bb0       0x18 platform/libplatform_s.a(spu.o)
                0x0000000000000bb0                spu_peripheral_config_non_secure
 .text.nrf_exception_info_store_context
                0x0000000000000bc8       0x10 platform/libplatform_s.a(nrf_exception_info.o)
                0x0000000000000bc8                nrf_exception_info_store_context
 .text.nrf_exception_info_get_context
                0x0000000000000bd8        0xc platform/libplatform_s.a(nrf_exception_info.o)
                0x0000000000000bd8                nrf_exception_info_get_context
 .text.tfm_hal_platform_init
                0x0000000000000be4       0x30 platform/libplatform_s.a(tfm_hal_platform.o)
                0x0000000000000be4                tfm_hal_platform_init
 .text.tfm_hal_system_reset
                0x0000000000000c14       0x28 platform/libplatform_s.a(tfm_hal_reset_halt.o)
                0x0000000000000c14                tfm_hal_system_reset
 .text.ns_fault_service_set_handler
                0x0000000000000c3c       0x14 platform/libplatform_s.a(ns_fault_service.o)
                0x0000000000000c3c                ns_fault_service_set_handler
 .text.call_ns_callback
                0x0000000000000c50       0xa8 platform/libplatform_s.a(ns_fault_service.o)
                0x0000000000000c50                call_ns_callback
 .text.ns_fault_service_call_handler
                0x0000000000000cf8       0x34 platform/libplatform_s.a(ns_fault_service.o)
                0x0000000000000cf8                ns_fault_service_call_handler
 .text.tfm_platform_hal_system_reset
                0x0000000000000d2c       0x24 platform/libplatform_s.a(tfm_platform_system.o)
                0x0000000000000d2c                tfm_platform_hal_system_reset
 .text.tfm_platform_hal_read_service
                0x0000000000000d50       0x60 platform/libplatform_s.a(tfm_platform_hal_ioctl.o)
                0x0000000000000d50                tfm_platform_hal_read_service
 .text.tfm_platform_hal_gpio_service
                0x0000000000000db0       0x88 platform/libplatform_s.a(tfm_platform_hal_ioctl.o)
                0x0000000000000db0                tfm_platform_hal_gpio_service
 .text.mpu_armv8m_region_enable
                0x0000000000000e38       0x6a platform/libplatform_s.a(mpu_armv8m_drv.o)
                0x0000000000000e38                mpu_armv8m_region_enable
 .text.mpu_armv8m_region_disable
                0x0000000000000ea2       0x14 platform/libplatform_s.a(mpu_armv8m_drv.o)
                0x0000000000000ea2                mpu_armv8m_region_disable
 .text.mpu_armv8m_clean
                0x0000000000000eb6       0x22 platform/libplatform_s.a(mpu_armv8m_drv.o)
                0x0000000000000eb6                mpu_armv8m_clean
 .text.spu_regions_flash_get_base_address_in_region
                0x0000000000000ed8        0x4 platform/libplatform_s.a(spu.o)
                0x0000000000000ed8                spu_regions_flash_get_base_address_in_region
 .text.spu_regions_flash_get_last_address_in_region
                0x0000000000000edc        0xa platform/libplatform_s.a(spu.o)
                0x0000000000000edc                spu_regions_flash_get_last_address_in_region
 .text.spu_regions_flash_get_start_id
                0x0000000000000ee6        0x4 platform/libplatform_s.a(spu.o)
                0x0000000000000ee6                spu_regions_flash_get_start_id
 .text.spu_regions_flash_get_last_id
                0x0000000000000eea        0x4 platform/libplatform_s.a(spu.o)
                0x0000000000000eea                spu_regions_flash_get_last_id
 .text.spu_regions_flash_get_region_size
                0x0000000000000eee        0x6 platform/libplatform_s.a(spu.o)
                0x0000000000000eee                spu_regions_flash_get_region_size
 .text.spu_regions_sram_get_base_address_in_region
                0x0000000000000ef4        0xa platform/libplatform_s.a(spu.o)
                0x0000000000000ef4                spu_regions_sram_get_base_address_in_region
 .text.spu_regions_sram_get_start_id
                0x0000000000000efe        0x4 platform/libplatform_s.a(spu.o)
                0x0000000000000efe                spu_regions_sram_get_start_id
 .text.spu_regions_sram_get_last_id
                0x0000000000000f02        0x4 platform/libplatform_s.a(spu.o)
                0x0000000000000f02                spu_regions_sram_get_last_id
 .text.spu_regions_sram_get_region_size
                0x0000000000000f06        0x6 platform/libplatform_s.a(spu.o)
                0x0000000000000f06                spu_regions_sram_get_region_size
 .text.tfm_plat_otp_init
                0x0000000000000f0c        0x4 platform/libplatform_s.a(dummy_otp.o)
                0x0000000000000f0c                tfm_plat_otp_init
 .text.tfm_plat_provisioning_is_required
                0x0000000000000f10        0x4 platform/libplatform_s.a(dummy_provisioning.o)
                0x0000000000000f10                tfm_plat_provisioning_is_required
 .text.tfm_plat_provisioning_perform
                0x0000000000000f14        0x4 platform/libplatform_s.a(dummy_provisioning.o)
                0x0000000000000f14                tfm_plat_provisioning_perform
 .text.tfm_plat_provisioning_check_for_dummy_keys
                0x0000000000000f18        0x2 platform/libplatform_s.a(dummy_provisioning.o)
                0x0000000000000f18                tfm_plat_provisioning_check_for_dummy_keys
 .text.tfm_platform_hal_ioctl
                0x0000000000000f1a       0x7c platform/libplatform_s.a(tfm_platform_system.o)
                0x0000000000000f1a                tfm_platform_hal_ioctl
 *libtfm_spm*:(SORT_BY_ALIGNMENT(.text*))
 *fill*         0x0000000000000f96        0x2 
 .text.startup.main
                0x0000000000000f98       0x50 secure_fw/spm/libtfm_spm.a(main.o)
                0x0000000000000f98                main
 .text.spm_associate_call_params
                0x0000000000000fe8      0x16c secure_fw/spm/libtfm_spm.a(psa_call_api.o)
                0x0000000000000fe8                spm_associate_call_params
 .text.tfm_spm_partition_psa_read
                0x0000000000001154       0x74 secure_fw/spm/libtfm_spm.a(psa_read_write_skip_api.o)
                0x0000000000001154                tfm_spm_partition_psa_read
 .text.tfm_spm_partition_psa_write
                0x00000000000011c8       0x74 secure_fw/spm/libtfm_spm.a(psa_read_write_skip_api.o)
                0x00000000000011c8                tfm_spm_partition_psa_write
 .text.spm_thread_fn
                0x000000000000123c       0x4c secure_fw/spm/libtfm_spm.a(backend_sfn.o)
 .text.backend_messaging
                0x0000000000001288       0x50 secure_fw/spm/libtfm_spm.a(backend_sfn.o)
                0x0000000000001288                backend_messaging
 .text.backend_replying
                0x00000000000012d8       0x10 secure_fw/spm/libtfm_spm.a(backend_sfn.o)
                0x00000000000012d8                backend_replying
 .text.backend_init_comp_assuredly
                0x00000000000012e8       0x5c secure_fw/spm/libtfm_spm.a(backend_sfn.o)
                0x00000000000012e8                backend_init_comp_assuredly
 .text.spm_svc_handler
                0x0000000000001344       0x70 secure_fw/spm/libtfm_spm.a(tfm_svcalls.o)
                0x0000000000001344                spm_svc_handler
 .text.SVC_Handler
                0x00000000000013b4       0x68 secure_fw/spm/libtfm_spm.a(tfm_arch_v8m_main.o)
                0x00000000000013b4                SVC_Handler
 .text.tfm_arch_set_secure_exception_priorities
                0x000000000000141c       0x28 secure_fw/spm/libtfm_spm.a(tfm_arch_v8m_main.o)
                0x000000000000141c                tfm_arch_set_secure_exception_priorities
 .text.ns_agent_tz_main
                0x0000000000001444       0x30 secure_fw/spm/libtfm_spm.a(ns_agent_tz_v80m.o)
                0x0000000000001444                ns_agent_tz_main
 .text.tfm_hal_bind_boundary
                0x0000000000001474       0x6c secure_fw/spm/libtfm_spm.a(tfm_hal_isolation.o)
                0x0000000000001474                tfm_hal_bind_boundary
 .text.mpu_init_cfg
                0x00000000000014e0       0xf0 secure_fw/spm/libtfm_spm.a(tfm_hal_isolation.o)
                0x00000000000014e0                mpu_init_cfg
 .text.tfm_hal_get_ns_VTOR
                0x00000000000015d0        0xc secure_fw/spm/libtfm_spm.a(tfm_hal_platform_common.o)
                0x00000000000015d0                tfm_hal_get_ns_VTOR
 .text.tfm_hal_get_ns_MSP
                0x00000000000015dc        0xc secure_fw/spm/libtfm_spm.a(tfm_hal_platform_common.o)
                0x00000000000015dc                tfm_hal_get_ns_MSP
 .text.tfm_hal_get_ns_entry_point
                0x00000000000015e8        0xc secure_fw/spm/libtfm_spm.a(tfm_hal_platform_common.o)
                0x00000000000015e8                tfm_hal_get_ns_entry_point
 .text.SPU_Handler
                0x00000000000015f4       0x3c secure_fw/spm/libtfm_spm.a(faults.o)
                0x00000000000015f4                SPU_Handler
 .text.nrf_gpio_pin_control_select.constprop.0
                0x0000000000001630       0x1c secure_fw/spm/libtfm_spm.a(target_cfg.o)
 .text.enable_fault_handlers
                0x000000000000164c       0x14 secure_fw/spm/libtfm_spm.a(target_cfg.o)
                0x000000000000164c                enable_fault_handlers
 .text.system_reset_cfg
                0x0000000000001660       0x18 secure_fw/spm/libtfm_spm.a(target_cfg.o)
                0x0000000000001660                system_reset_cfg
 .text.init_debug
                0x0000000000001678       0x28 secure_fw/spm/libtfm_spm.a(target_cfg.o)
                0x0000000000001678                init_debug
 .text.nvic_interrupt_target_state_cfg
                0x00000000000016a0       0x30 secure_fw/spm/libtfm_spm.a(target_cfg.o)
                0x00000000000016a0                nvic_interrupt_target_state_cfg
 .text.nvic_interrupt_enable
                0x00000000000016d0       0x18 secure_fw/spm/libtfm_spm.a(target_cfg.o)
                0x00000000000016d0                nvic_interrupt_enable
 .text.sau_and_idau_cfg
                0x00000000000016e8       0x20 secure_fw/spm/libtfm_spm.a(target_cfg.o)
                0x00000000000016e8                sau_and_idau_cfg
 .text.spu_init_cfg
                0x0000000000001708       0x7c secure_fw/spm/libtfm_spm.a(target_cfg.o)
                0x0000000000001708                spu_init_cfg
 .text.spu_periph_init_cfg
                0x0000000000001784       0x60 secure_fw/spm/libtfm_spm.a(target_cfg.o)
                0x0000000000001784                spu_periph_init_cfg
 .text.tfm_core_validate_boot_data
                0x00000000000017e4        0xc secure_fw/spm/libtfm_spm.a(tfm_boot_data.o)
                0x00000000000017e4                tfm_core_validate_boot_data
 .text.tfm_core_get_boot_data_handler
                0x00000000000017f0       0x34 secure_fw/spm/libtfm_spm.a(tfm_boot_data.o)
                0x00000000000017f0                tfm_core_get_boot_data_handler
 .text.tfm_arch_init_context
                0x0000000000001824       0x5c secure_fw/spm/libtfm_spm.a(tfm_arch.o)
                0x0000000000001824                tfm_arch_init_context
 .text.tfm_spm_get_service_by_sid
                0x0000000000001880       0x2c secure_fw/spm/libtfm_spm.a(spm_ipc.o)
                0x0000000000001880                tfm_spm_get_service_by_sid
 .text.tfm_spm_check_authorization
                0x00000000000018ac       0x44 secure_fw/spm/libtfm_spm.a(spm_ipc.o)
                0x00000000000018ac                tfm_spm_check_authorization
 .text.spm_init_connection
                0x00000000000018f0       0x30 secure_fw/spm/libtfm_spm.a(spm_ipc.o)
                0x00000000000018f0                spm_init_connection
 .text.tfm_spm_partition_get_running_partition_id
                0x0000000000001920       0x18 secure_fw/spm/libtfm_spm.a(spm_ipc.o)
                0x0000000000001920                tfm_spm_partition_get_running_partition_id
 .text.tfm_spm_is_ns_caller
                0x0000000000001938       0x20 secure_fw/spm/libtfm_spm.a(spm_ipc.o)
                0x0000000000001938                tfm_spm_is_ns_caller
 .text.spm_get_connection
                0x0000000000001958       0x78 secure_fw/spm/libtfm_spm.a(spm_ipc.o)
                0x0000000000001958                spm_get_connection
 .text.tfm_spm_init
                0x00000000000019d0       0x64 secure_fw/spm/libtfm_spm.a(spm_ipc.o)
                0x00000000000019d0                tfm_spm_init
 .text.load_a_partition_assuredly
                0x0000000000001a34       0xc8 secure_fw/spm/libtfm_spm.a(rom_loader.o)
                0x0000000000001a34                load_a_partition_assuredly
 .text.load_services_assuredly
                0x0000000000001afc       0xb4 secure_fw/spm/libtfm_spm.a(rom_loader.o)
                0x0000000000001afc                load_services_assuredly
 .text.tfm_nspm_ctx_init
                0x0000000000001bb0       0x18 secure_fw/spm/libtfm_spm.a(tfm_spm_ns_ctx.o)
                0x0000000000001bb0                tfm_nspm_ctx_init
 .text.tfm_core_panic
                0x0000000000001bc8        0x4 secure_fw/spm/libtfm_spm.a(utilities.o)
                0x0000000000001bc8                tfm_core_panic
 .text.spm_handle_programmer_errors
                0x0000000000001bcc       0x18 secure_fw/spm/libtfm_spm.a(psa_api.o)
                0x0000000000001bcc                spm_handle_programmer_errors
 .text.tfm_spm_partition_psa_reply
                0x0000000000001be4       0x9a secure_fw/spm/libtfm_spm.a(psa_api.o)
                0x0000000000001be4                tfm_spm_partition_psa_reply
 .text.tfm_spm_partition_psa_panic
                0x0000000000001c7e        0xc secure_fw/spm/libtfm_spm.a(psa_api.o)
                0x0000000000001c7e                tfm_spm_partition_psa_panic
 .text.tfm_spm_client_psa_call
                0x0000000000001c8a       0x4e secure_fw/spm/libtfm_spm.a(psa_call_api.o)
                0x0000000000001c8a                tfm_spm_client_psa_call
 .text.tfm_spm_client_psa_framework_version
                0x0000000000001cd8        0x6 secure_fw/spm/libtfm_spm.a(psa_version_api.o)
                0x0000000000001cd8                tfm_spm_client_psa_framework_version
 .text.tfm_spm_client_psa_version
                0x0000000000001cde       0x2c secure_fw/spm/libtfm_spm.a(psa_version_api.o)
                0x0000000000001cde                tfm_spm_client_psa_version
 .text.backend_system_run
                0x0000000000001d0a        0x6 secure_fw/spm/libtfm_spm.a(backend_sfn.o)
                0x0000000000001d0a                backend_system_run
 .text.tfm_core_handler_mode
                0x0000000000001d10        0x4 secure_fw/spm/libtfm_spm.a(tfm_svcalls.o)
                0x0000000000001d10                tfm_core_handler_mode
 .text.connection_to_handle
                0x0000000000001d14        0x6 secure_fw/spm/libtfm_spm.a(spm_local_connection.o)
                0x0000000000001d14                connection_to_handle
 .text.handle_to_connection
                0x0000000000001d1a       0x12 secure_fw/spm/libtfm_spm.a(spm_local_connection.o)
                0x0000000000001d1a                handle_to_connection
 .text.spm_init_connection_space
                0x0000000000001d2c        0x2 secure_fw/spm/libtfm_spm.a(spm_local_connection.o)
                0x0000000000001d2c                spm_init_connection_space
 .text.spm_allocate_connection
                0x0000000000001d2e        0xe secure_fw/spm/libtfm_spm.a(spm_local_connection.o)
                0x0000000000001d2e                spm_allocate_connection
 .text.spm_validate_connection
                0x0000000000001d3c        0x4 secure_fw/spm/libtfm_spm.a(spm_local_connection.o)
                0x0000000000001d3c                spm_validate_connection
 .text.spm_free_connection
                0x0000000000001d40        0xc secure_fw/spm/libtfm_spm.a(spm_local_connection.o)
                0x0000000000001d40                spm_free_connection
 .text.tfm_arch_config_extensions
                0x0000000000001d4c        0x2 secure_fw/spm/libtfm_spm.a(tfm_arch_v8m_main.o)
                0x0000000000001d4c                tfm_arch_config_extensions
 .text.tfm_hal_memory_check
                0x0000000000001d4e      0x126 secure_fw/spm/libtfm_spm.a(tfm_hal_isolation.o)
                0x0000000000001d4e                tfm_hal_memory_check
 .text.tfm_hal_set_up_static_boundaries
                0x0000000000001e74       0x2a secure_fw/spm/libtfm_spm.a(tfm_hal_isolation.o)
                0x0000000000001e74                tfm_hal_set_up_static_boundaries
 .text.tfm_hal_platform_common_init
                0x0000000000001e9e       0x32 secure_fw/spm/libtfm_spm.a(tfm_hal_platform_common.o)
                0x0000000000001e9e                tfm_hal_platform_common_init
 .text.SPU_IRQHandler
                0x0000000000001ed0       0x1c secure_fw/spm/libtfm_spm.a(faults.o)
                0x0000000000001ed0                SPU_IRQHandler
 .text.tfm_arch_free_msp_and_exc_ret
                0x0000000000001eec        0x8 secure_fw/spm/libtfm_spm.a(tfm_arch.o)
                0x0000000000001eec                tfm_arch_free_msp_and_exc_ret
 .text.tfm_arch_refresh_hardware_context
                0x0000000000001ef4       0x16 secure_fw/spm/libtfm_spm.a(tfm_arch.o)
                0x0000000000001ef4                tfm_arch_refresh_hardware_context
 .text.tfm_spm_check_client_version
                0x0000000000001f0a       0x24 secure_fw/spm/libtfm_spm.a(spm_ipc.o)
                0x0000000000001f0a                tfm_spm_check_client_version
 .text.spm_msg_handle_to_connection
                0x0000000000001f2e       0x28 secure_fw/spm/libtfm_spm.a(spm_ipc.o)
                0x0000000000001f2e                spm_msg_handle_to_connection
 .text.tfm_spm_get_client_id
                0x0000000000001f56       0x20 secure_fw/spm/libtfm_spm.a(spm_ipc.o)
                0x0000000000001f56                tfm_spm_get_client_id
 .text.update_caller_outvec_len
                0x0000000000001f76       0x1e secure_fw/spm/libtfm_spm.a(spm_ipc.o)
                0x0000000000001f76                update_caller_outvec_len
 .text.load_irqs_assuredly
                0x0000000000001f94        0x2 secure_fw/spm/libtfm_spm.a(rom_loader.o)
                0x0000000000001f94                load_irqs_assuredly
 .text.tfm_nspm_get_current_client_id
                0x0000000000001f96        0x6 secure_fw/spm/libtfm_spm.a(tfm_spm_ns_ctx.o)
                0x0000000000001f96                tfm_nspm_get_current_client_id
 *libplatform_s*:*(.rodata*)
 .rodata.CSWTCH.19
                0x0000000000001f9c        0x4 platform/libplatform_s.a(system_nrf5340_application.o)
 .rodata.CSWTCH.7
                0x0000000000001fa0        0x4 platform/libplatform_s.a(system_nrf5340_application.o)
 .rodata.CSWTCH.5
                0x0000000000001fa4        0x4 platform/libplatform_s.a(system_nrf5340_application.o)
 .rodata.ranges
                0x0000000000001fa8       0x20 platform/libplatform_s.a(tfm_platform_hal_ioctl.o)
 *libtfm_spm*:*(.rodata*)
 .rodata.target_peripherals.0
                0x0000000000001fc8       0xa4 secure_fw/spm/libtfm_spm.a(target_cfg.o)
 .rodata.memory_regions
                0x000000000000206c       0x1c secure_fw/spm/libtfm_spm.a(target_cfg.o)
                0x000000000000206c                memory_regions
 .rodata.serv_pool_ea
                0x0000000000002088        0x4 secure_fw/spm/libtfm_spm.a(rom_loader.o)
 .rodata.part_pool_ea
                0x000000000000208c        0x4 secure_fw/spm/libtfm_spm.a(rom_loader.o)
 .rodata.ldinf_ea
                0x0000000000002090        0x4 secure_fw/spm/libtfm_spm.a(rom_loader.o)

.TFM_UNPRIV_CODE
                0x00000000000020a0     0x2760
 *(SFN)
 SFN            0x00000000000020a0       0x8c secure_fw/CMakeFiles/tfm_s.dir/partitions/ns_agent_tz/psa_api_veneers_v80m.o
                0x00000000000020a0                __acle_se_tfm_psa_framework_version_veneer
                0x00000000000020be                __acle_se_tfm_psa_version_veneer
                0x00000000000020dc                __acle_se_tfm_psa_call_veneer
                0x0000000000002104                __acle_se_tfm_psa_connect_veneer
                0x0000000000002116                __acle_se_tfm_psa_close_veneer
 *(SORT_BY_ALIGNMENT(.text*))
 .text          0x000000000000212c       0x88 /home/adi262/ncs/toolchains/e9dba88316/opt/zephyr-sdk/arm-zephyr-eabi/bin/../lib/gcc/arm-zephyr-eabi/12.2.0/thumb/v8-m.main/nofp/crtbegin.o
 .text          0x00000000000021b4       0x7c /home/adi262/ncs/toolchains/e9dba88316/opt/zephyr-sdk/arm-zephyr-eabi/bin/../lib/gcc/arm-zephyr-eabi/12.2.0/../../../../arm-zephyr-eabi/lib/thumb/v8-m.main/nofp/crt0.o
                0x00000000000021b4                _stack_init
                0x00000000000021bc                _mainCRTStartup
                0x00000000000021bc                _start
 .text.tfm_psa_call_pack
                0x0000000000002230       0x54 secure_fw/partitions/lib/runtime/libtfm_sprt.a(psa_interface_sfn.o)
                0x0000000000002230                tfm_psa_call_pack
 .text.verify_header
                0x0000000000002284       0x40 secure_fw/partitions/crypto/mbedcrypto/nrf_security_src/libcrypto_service_mbedcrypto.a(memory_buffer_alloc.o)
 .text.verify_chain
                0x00000000000022c4       0x3c secure_fw/partitions/crypto/mbedcrypto/nrf_security_src/libcrypto_service_mbedcrypto.a(memory_buffer_alloc.o)
 .text.buffer_alloc_calloc
                0x0000000000002300       0xf4 secure_fw/partitions/crypto/mbedcrypto/nrf_security_src/libcrypto_service_mbedcrypto.a(memory_buffer_alloc.o)
 .text.buffer_alloc_free
                0x00000000000023f4       0xe8 secure_fw/partitions/crypto/mbedcrypto/nrf_security_src/libcrypto_service_mbedcrypto.a(memory_buffer_alloc.o)
 .text.mbedtls_memory_buffer_alloc_init
                0x00000000000024dc       0x64 secure_fw/partitions/crypto/mbedcrypto/nrf_security_src/libcrypto_service_mbedcrypto.a(memory_buffer_alloc.o)
                0x00000000000024dc                mbedtls_memory_buffer_alloc_init
 .text.mbedtls_free
                0x0000000000002540        0xc secure_fw/partitions/crypto/mbedcrypto/nrf_security_src/libcrypto_service_mbedcrypto.a(platform.o)
                0x0000000000002540                mbedtls_free
 .text.mbedtls_platform_set_calloc_free
                0x000000000000254c       0x14 secure_fw/partitions/crypto/mbedcrypto/nrf_security_src/libcrypto_service_mbedcrypto.a(platform.o)
                0x000000000000254c                mbedtls_platform_set_calloc_free
 .text.mbedtls_platform_zeroize
                0x0000000000002560       0x18 secure_fw/partitions/crypto/mbedcrypto/nrf_security_src/libcrypto_service_mbedcrypto.a(platform_util.o)
                0x0000000000002560                mbedtls_platform_zeroize
 .text.mbedcrypto__psa_generate_random
                0x0000000000002578       0x1c secure_fw/partitions/crypto/mbedcrypto/nrf_security_src/libcrypto_service_mbedcrypto.a(psa_crypto.o)
                0x0000000000002578                mbedcrypto__psa_generate_random
 .text.mbedtls_psa_crypto_free
                0x0000000000002594       0x24 secure_fw/partitions/crypto/mbedcrypto/nrf_security_src/libcrypto_service_mbedcrypto.a(psa_crypto.o)
                0x0000000000002594                mbedtls_psa_crypto_free
 .text.mbedcrypto__psa_crypto_init
                0x00000000000025b8       0x38 secure_fw/partitions/crypto/mbedcrypto/nrf_security_src/libcrypto_service_mbedcrypto.a(psa_crypto.o)
                0x00000000000025b8                mbedcrypto__psa_crypto_init
 .text.psa_initialize_key_slots
                0x00000000000025f0       0x10 secure_fw/partitions/crypto/mbedcrypto/nrf_security_src/libcrypto_service_mbedcrypto.a(psa_crypto_slot_management.o)
                0x00000000000025f0                psa_initialize_key_slots
 .text.psa_wipe_all_key_slots
                0x0000000000002600       0x24 secure_fw/partitions/crypto/mbedcrypto/nrf_security_src/libcrypto_service_mbedcrypto.a(psa_crypto_slot_management.o)
                0x0000000000002600                psa_wipe_all_key_slots
 .text.nrf_cc3xx_platform_init_hmac_drbg
                0x0000000000002624       0x44 /home/adi262/fp-f24-iot-venture-pitch-smartbeehive/memfault_ble_prj/nrfxlib/crypto/nrf_cc312_platform/lib/cortex-m33/soft-float/no-interrupts/libnrf_cc312_platform_0.9.19.a(nrf_cc3xx_platform.c.obj)
                0x0000000000002624                nrf_cc3xx_platform_init_hmac_drbg
 .text.nrf_cc3xx_platform_hmac_drbg_init
                0x0000000000002668       0x60 /home/adi262/fp-f24-iot-venture-pitch-smartbeehive/memfault_ble_prj/nrfxlib/crypto/nrf_cc312_platform/lib/cortex-m33/soft-float/no-interrupts/libnrf_cc312_platform_0.9.19.a(nrf_cc3xx_platform_hmac_drbg.c.obj)
                0x0000000000002668                nrf_cc3xx_platform_hmac_drbg_init
 .text.nrf_cc3xx_platform_hmac_drbg_get
                0x00000000000026c8       0x44 /home/adi262/fp-f24-iot-venture-pitch-smartbeehive/memfault_ble_prj/nrfxlib/crypto/nrf_cc312_platform/lib/cortex-m33/soft-float/no-interrupts/libnrf_cc312_platform_0.9.19.a(nrf_cc3xx_platform_hmac_drbg.c.obj)
                0x00000000000026c8                nrf_cc3xx_platform_hmac_drbg_get
 .text.mbedtls_zeroize_internal
                0x000000000000270c       0x14 /home/adi262/fp-f24-iot-venture-pitch-smartbeehive/memfault_ble_prj/nrfxlib/crypto/nrf_cc312_platform/lib/cortex-m33/soft-float/no-interrupts/libnrf_cc312_platform_0.9.19.a(mbedtls_common.c.obj)
                0x000000000000270c                mbedtls_zeroize_internal
 .text.cc_mbedtls_platform_zeroize
                0x0000000000002720       0x14 /home/adi262/fp-f24-iot-venture-pitch-smartbeehive/memfault_ble_prj/nrfxlib/crypto/nrf_cc312_platform/lib/cortex-m33/soft-float/no-interrupts/libnrf_cc312_platform_0.9.19.a(mbedtls_common.c.obj)
                0x0000000000002720                cc_mbedtls_platform_zeroize
 .text.entropy_update
                0x0000000000002734       0x7c /home/adi262/fp-f24-iot-venture-pitch-smartbeehive/memfault_ble_prj/nrfxlib/crypto/nrf_cc312_platform/lib/cortex-m33/soft-float/no-interrupts/libnrf_cc312_platform_0.9.19.a(custom_entropy.c.obj)
 .text.entropy_gather_internal.part.0
                0x00000000000027b0       0x88 /home/adi262/fp-f24-iot-venture-pitch-smartbeehive/memfault_ble_prj/nrfxlib/crypto/nrf_cc312_platform/lib/cortex-m33/soft-float/no-interrupts/libnrf_cc312_platform_0.9.19.a(custom_entropy.c.obj)
 .text.cc_mbedtls_entropy_init
                0x0000000000002838       0x84 /home/adi262/fp-f24-iot-venture-pitch-smartbeehive/memfault_ble_prj/nrfxlib/crypto/nrf_cc312_platform/lib/cortex-m33/soft-float/no-interrupts/libnrf_cc312_platform_0.9.19.a(custom_entropy.c.obj)
                0x0000000000002838                cc_mbedtls_entropy_init
 .text.cc_mbedtls_entropy_func
                0x00000000000028bc      0x110 /home/adi262/fp-f24-iot-venture-pitch-smartbeehive/memfault_ble_prj/nrfxlib/crypto/nrf_cc312_platform/lib/cortex-m33/soft-float/no-interrupts/libnrf_cc312_platform_0.9.19.a(custom_entropy.c.obj)
                0x00000000000028bc                cc_mbedtls_entropy_func
 .text.cc_hmac_sha256_starts.constprop.0
                0x00000000000029cc      0x108 /home/adi262/fp-f24-iot-venture-pitch-smartbeehive/memfault_ble_prj/nrfxlib/crypto/nrf_cc312_platform/lib/cortex-m33/soft-float/no-interrupts/libnrf_cc312_platform_0.9.19.a(hmac_drbg_alt.c.obj)
 .text.cc_mbedtls_hmac_drbg_init
                0x0000000000002ad4       0x28 /home/adi262/fp-f24-iot-venture-pitch-smartbeehive/memfault_ble_prj/nrfxlib/crypto/nrf_cc312_platform/lib/cortex-m33/soft-float/no-interrupts/libnrf_cc312_platform_0.9.19.a(hmac_drbg_alt.c.obj)
                0x0000000000002ad4                cc_mbedtls_hmac_drbg_init
 .text.cc_mbedtls_hmac_drbg_update
                0x0000000000002afc      0x170 /home/adi262/fp-f24-iot-venture-pitch-smartbeehive/memfault_ble_prj/nrfxlib/crypto/nrf_cc312_platform/lib/cortex-m33/soft-float/no-interrupts/libnrf_cc312_platform_0.9.19.a(hmac_drbg_alt.c.obj)
                0x0000000000002afc                cc_mbedtls_hmac_drbg_update
 .text.cc_hmac_drbg_reseed_core
                0x0000000000002c6c       0xac /home/adi262/fp-f24-iot-venture-pitch-smartbeehive/memfault_ble_prj/nrfxlib/crypto/nrf_cc312_platform/lib/cortex-m33/soft-float/no-interrupts/libnrf_cc312_platform_0.9.19.a(hmac_drbg_alt.c.obj)
 .text.cc_mbedtls_hmac_drbg_seed
                0x0000000000002d18       0x54 /home/adi262/fp-f24-iot-venture-pitch-smartbeehive/memfault_ble_prj/nrfxlib/crypto/nrf_cc312_platform/lib/cortex-m33/soft-float/no-interrupts/libnrf_cc312_platform_0.9.19.a(hmac_drbg_alt.c.obj)
                0x0000000000002d18                cc_mbedtls_hmac_drbg_seed
 .text.cc_mbedtls_hmac_drbg_random_with_add
                0x0000000000002d6c      0x144 /home/adi262/fp-f24-iot-venture-pitch-smartbeehive/memfault_ble_prj/nrfxlib/crypto/nrf_cc312_platform/lib/cortex-m33/soft-float/no-interrupts/libnrf_cc312_platform_0.9.19.a(hmac_drbg_alt.c.obj)
                0x0000000000002d6c                cc_mbedtls_hmac_drbg_random_with_add
 .text.RndStartupTest.constprop.0
                0x0000000000002eb0       0xac /home/adi262/fp-f24-iot-venture-pitch-smartbeehive/memfault_ble_prj/nrfxlib/crypto/nrf_cc312_platform/lib/cortex-m33/soft-float/no-interrupts/libnrf_cc312_platform_0.9.19.a(cc_lib.c.obj)
 .text.CC_LibInit_HMAC_DRBG
                0x0000000000002f5c       0x74 /home/adi262/fp-f24-iot-venture-pitch-smartbeehive/memfault_ble_prj/nrfxlib/crypto/nrf_cc312_platform/lib/cortex-m33/soft-float/no-interrupts/libnrf_cc312_platform_0.9.19.a(cc_lib.c.obj)
                0x0000000000002f5c                CC_LibInit_HMAC_DRBG
 .text.CC_HalInit
                0x0000000000002fd0        0x4 /home/adi262/fp-f24-iot-venture-pitch-smartbeehive/memfault_ble_prj/nrfxlib/crypto/nrf_cc312_platform/lib/cortex-m33/soft-float/no-interrupts/libnrf_cc312_platform_0.9.19.a(cc_hal.c.obj)
                0x0000000000002fd0                CC_HalInit
 .text.CC_HalClearInterruptBit
                0x0000000000002fd4       0x1c /home/adi262/fp-f24-iot-venture-pitch-smartbeehive/memfault_ble_prj/nrfxlib/crypto/nrf_cc312_platform/lib/cortex-m33/soft-float/no-interrupts/libnrf_cc312_platform_0.9.19.a(cc_hal.c.obj)
                0x0000000000002fd4                CC_HalClearInterruptBit
 .text.CC_HalMaskInterrupt
                0x0000000000002ff0        0xc /home/adi262/fp-f24-iot-venture-pitch-smartbeehive/memfault_ble_prj/nrfxlib/crypto/nrf_cc312_platform/lib/cortex-m33/soft-float/no-interrupts/libnrf_cc312_platform_0.9.19.a(cc_hal.c.obj)
                0x0000000000002ff0                CC_HalMaskInterrupt
 .text.CC_HalWaitInterrupt
                0x0000000000002ffc        0xc /home/adi262/fp-f24-iot-venture-pitch-smartbeehive/memfault_ble_prj/nrfxlib/crypto/nrf_cc312_platform/lib/cortex-m33/soft-float/no-interrupts/libnrf_cc312_platform_0.9.19.a(cc_hal.c.obj)
                0x0000000000002ffc                CC_HalWaitInterrupt
 .text.CC_HalWaitInterruptRND
                0x0000000000003008        0xc /home/adi262/fp-f24-iot-venture-pitch-smartbeehive/memfault_ble_prj/nrfxlib/crypto/nrf_cc312_platform/lib/cortex-m33/soft-float/no-interrupts/libnrf_cc312_platform_0.9.19.a(cc_hal.c.obj)
                0x0000000000003008                CC_HalWaitInterruptRND
 .text.CC_PalInit
                0x0000000000003014       0x5c /home/adi262/fp-f24-iot-venture-pitch-smartbeehive/memfault_ble_prj/nrfxlib/crypto/nrf_cc312_platform/lib/cortex-m33/soft-float/no-interrupts/libnrf_cc312_platform_0.9.19.a(cc_pal.c.obj)
                0x0000000000003014                CC_PalInit
 .text.CC_PalTerminate
                0x0000000000003070       0x34 /home/adi262/fp-f24-iot-venture-pitch-smartbeehive/memfault_ble_prj/nrfxlib/crypto/nrf_cc312_platform/lib/cortex-m33/soft-float/no-interrupts/libnrf_cc312_platform_0.9.19.a(cc_pal.c.obj)
                0x0000000000003070                CC_PalTerminate
 .text.CC_PalDmaInit
                0x00000000000030a4        0x4 /home/adi262/fp-f24-iot-venture-pitch-smartbeehive/memfault_ble_prj/nrfxlib/crypto/nrf_cc312_platform/lib/cortex-m33/soft-float/no-interrupts/libnrf_cc312_platform_0.9.19.a(cc_pal_dma.c.obj)
                0x00000000000030a4                CC_PalDmaInit
 .text.CC_PalDmaTerminate
                0x00000000000030a8        0x4 /home/adi262/fp-f24-iot-venture-pitch-smartbeehive/memfault_ble_prj/nrfxlib/crypto/nrf_cc312_platform/lib/cortex-m33/soft-float/no-interrupts/libnrf_cc312_platform_0.9.19.a(cc_pal_dma.c.obj)
                0x00000000000030a8                CC_PalDmaTerminate
 .text.CC_PalWaitInterruptRND
                0x00000000000030ac       0x38 /home/adi262/fp-f24-iot-venture-pitch-smartbeehive/memfault_ble_prj/nrfxlib/crypto/nrf_cc312_platform/lib/cortex-m33/soft-float/no-interrupts/libnrf_cc312_platform_0.9.19.a(cc_pal_interrupt_ctrl.c.obj)
                0x00000000000030ac                CC_PalWaitInterruptRND
 .text.CC_PalWaitInterrupt
                0x00000000000030e4       0x28 /home/adi262/fp-f24-iot-venture-pitch-smartbeehive/memfault_ble_prj/nrfxlib/crypto/nrf_cc312_platform/lib/cortex-m33/soft-float/no-interrupts/libnrf_cc312_platform_0.9.19.a(cc_pal_interrupt_ctrl.c.obj)
                0x00000000000030e4                CC_PalWaitInterrupt
 .text.CC_PalMemCopyPlat
                0x000000000000310c        0x4 /home/adi262/fp-f24-iot-venture-pitch-smartbeehive/memfault_ble_prj/nrfxlib/crypto/nrf_cc312_platform/lib/cortex-m33/soft-float/no-interrupts/libnrf_cc312_platform_0.9.19.a(cc_pal_mem.c.obj)
                0x000000000000310c                CC_PalMemCopyPlat
 .text.CC_PalMemSetZeroPlat
                0x0000000000003110        0x8 /home/adi262/fp-f24-iot-venture-pitch-smartbeehive/memfault_ble_prj/nrfxlib/crypto/nrf_cc312_platform/lib/cortex-m33/soft-float/no-interrupts/libnrf_cc312_platform_0.9.19.a(cc_pal_mem.c.obj)
                0x0000000000003110                CC_PalMemSetZeroPlat
 .text.CC_PalMutexCreate
                0x0000000000003118       0x14 /home/adi262/fp-f24-iot-venture-pitch-smartbeehive/memfault_ble_prj/nrfxlib/crypto/nrf_cc312_platform/lib/cortex-m33/soft-float/no-interrupts/libnrf_cc312_platform_0.9.19.a(cc_pal_mutex.c.obj)
                0x0000000000003118                CC_PalMutexCreate
 .text.CC_PalMutexDestroy
                0x000000000000312c       0x14 /home/adi262/fp-f24-iot-venture-pitch-smartbeehive/memfault_ble_prj/nrfxlib/crypto/nrf_cc312_platform/lib/cortex-m33/soft-float/no-interrupts/libnrf_cc312_platform_0.9.19.a(cc_pal_mutex.c.obj)
                0x000000000000312c                CC_PalMutexDestroy
 .text.CC_PalMutexLock
                0x0000000000003140       0x10 /home/adi262/fp-f24-iot-venture-pitch-smartbeehive/memfault_ble_prj/nrfxlib/crypto/nrf_cc312_platform/lib/cortex-m33/soft-float/no-interrupts/libnrf_cc312_platform_0.9.19.a(cc_pal_mutex.c.obj)
                0x0000000000003140                CC_PalMutexLock
 .text.CC_PalMutexUnlock
                0x0000000000003150       0x14 /home/adi262/fp-f24-iot-venture-pitch-smartbeehive/memfault_ble_prj/nrfxlib/crypto/nrf_cc312_platform/lib/cortex-m33/soft-float/no-interrupts/libnrf_cc312_platform_0.9.19.a(cc_pal_mutex.c.obj)
                0x0000000000003150                CC_PalMutexUnlock
 .text.CC_PalPowerSaveModeInit
                0x0000000000003164       0x3c /home/adi262/fp-f24-iot-venture-pitch-smartbeehive/memfault_ble_prj/nrfxlib/crypto/nrf_cc312_platform/lib/cortex-m33/soft-float/no-interrupts/libnrf_cc312_platform_0.9.19.a(cc_pal_pm.c.obj)
                0x0000000000003164                CC_PalPowerSaveModeInit
 .text.CC_PalPowerSaveModeSelect
                0x00000000000031a0       0x84 /home/adi262/fp-f24-iot-venture-pitch-smartbeehive/memfault_ble_prj/nrfxlib/crypto/nrf_cc312_platform/lib/cortex-m33/soft-float/no-interrupts/libnrf_cc312_platform_0.9.19.a(cc_pal_pm.c.obj)
                0x00000000000031a0                CC_PalPowerSaveModeSelect
 .text.mutex_init
                0x0000000000003224        0xc /home/adi262/fp-f24-iot-venture-pitch-smartbeehive/memfault_ble_prj/nrfxlib/crypto/nrf_cc312_platform/lib/cortex-m33/soft-float/no-interrupts/libnrf_cc312_platform_0.9.19.a(threading_alt.c.obj)
                0x0000000000003224                mutex_init
 .text.mutex_lock
                0x0000000000003230        0xc /home/adi262/fp-f24-iot-venture-pitch-smartbeehive/memfault_ble_prj/nrfxlib/crypto/nrf_cc312_platform/lib/cortex-m33/soft-float/no-interrupts/libnrf_cc312_platform_0.9.19.a(threading_alt.c.obj)
                0x0000000000003230                mutex_lock
 .text.mutex_unlock
                0x000000000000323c        0xc /home/adi262/fp-f24-iot-venture-pitch-smartbeehive/memfault_ble_prj/nrfxlib/crypto/nrf_cc312_platform/lib/cortex-m33/soft-float/no-interrupts/libnrf_cc312_platform_0.9.19.a(threading_alt.c.obj)
                0x000000000000323c                mutex_unlock
 .text.nrf_cc3xx_platform_abort
                0x0000000000003248       0x24 /home/adi262/fp-f24-iot-venture-pitch-smartbeehive/memfault_ble_prj/nrfxlib/crypto/nrf_cc312_platform/lib/cortex-m33/soft-float/no-interrupts/libnrf_cc312_platform_0.9.19.a(nrf_cc3xx_platform_abort.c.obj)
 .text.CC_PalAbort
                0x000000000000326c       0x44 /home/adi262/fp-f24-iot-venture-pitch-smartbeehive/memfault_ble_prj/nrfxlib/crypto/nrf_cc312_platform/lib/cortex-m33/soft-float/no-interrupts/libnrf_cc312_platform_0.9.19.a(nrf_cc3xx_platform_abort.c.obj)
                0x000000000000326c                CC_PalAbort
 .text.mutex_free
                0x00000000000032b0       0x34 /home/adi262/fp-f24-iot-venture-pitch-smartbeehive/memfault_ble_prj/nrfxlib/crypto/nrf_cc312_platform/lib/cortex-m33/soft-float/no-interrupts/libnrf_cc312_platform_0.9.19.a(nrf_cc3xx_platform_mutex.c.obj)
 .text.mutex_lock
                0x00000000000032e4       0x48 /home/adi262/fp-f24-iot-venture-pitch-smartbeehive/memfault_ble_prj/nrfxlib/crypto/nrf_cc312_platform/lib/cortex-m33/soft-float/no-interrupts/libnrf_cc312_platform_0.9.19.a(nrf_cc3xx_platform_mutex.c.obj)
 .text.mutex_unlock
                0x000000000000332c       0x38 /home/adi262/fp-f24-iot-venture-pitch-smartbeehive/memfault_ble_prj/nrfxlib/crypto/nrf_cc312_platform/lib/cortex-m33/soft-float/no-interrupts/libnrf_cc312_platform_0.9.19.a(nrf_cc3xx_platform_mutex.c.obj)
 .text.mutex_init
                0x0000000000003364       0x20 /home/adi262/fp-f24-iot-venture-pitch-smartbeehive/memfault_ble_prj/nrfxlib/crypto/nrf_cc312_platform/lib/cortex-m33/soft-float/no-interrupts/libnrf_cc312_platform_0.9.19.a(nrf_cc3xx_platform_mutex.c.obj)
 .text.startTrngHW
                0x0000000000003384      0x130 /home/adi262/fp-f24-iot-venture-pitch-smartbeehive/memfault_ble_prj/nrfxlib/crypto/nrf_cc312_platform/lib/cortex-m33/soft-float/no-interrupts/libnrf_cc312_platform_0.9.19.a(llf_rnd_trng90b.c.obj)
 .text.LLF_RND_RepetitionCounterTest
                0x00000000000034b4       0x64 /home/adi262/fp-f24-iot-venture-pitch-smartbeehive/memfault_ble_prj/nrfxlib/crypto/nrf_cc312_platform/lib/cortex-m33/soft-float/no-interrupts/libnrf_cc312_platform_0.9.19.a(llf_rnd_trng90b.c.obj)
                0x00000000000034b4                LLF_RND_RepetitionCounterTest
 .text.LLF_RND_AdaptiveProportionTest
                0x0000000000003518       0x80 /home/adi262/fp-f24-iot-venture-pitch-smartbeehive/memfault_ble_prj/nrfxlib/crypto/nrf_cc312_platform/lib/cortex-m33/soft-float/no-interrupts/libnrf_cc312_platform_0.9.19.a(llf_rnd_trng90b.c.obj)
                0x0000000000003518                LLF_RND_AdaptiveProportionTest
 .text.getTrngSource
                0x0000000000003598      0x2a8 /home/adi262/fp-f24-iot-venture-pitch-smartbeehive/memfault_ble_prj/nrfxlib/crypto/nrf_cc312_platform/lib/cortex-m33/soft-float/no-interrupts/libnrf_cc312_platform_0.9.19.a(llf_rnd_trng90b.c.obj)
 .text.LLF_RND_GetTrngSource
                0x0000000000003840       0x18 /home/adi262/fp-f24-iot-venture-pitch-smartbeehive/memfault_ble_prj/nrfxlib/crypto/nrf_cc312_platform/lib/cortex-m33/soft-float/no-interrupts/libnrf_cc312_platform_0.9.19.a(llf_rnd_trng90b.c.obj)
                0x0000000000003840                LLF_RND_GetTrngSource
 .text.LLF_RND_RunTrngStartupTest
                0x0000000000003858       0x1c /home/adi262/fp-f24-iot-venture-pitch-smartbeehive/memfault_ble_prj/nrfxlib/crypto/nrf_cc312_platform/lib/cortex-m33/soft-float/no-interrupts/libnrf_cc312_platform_0.9.19.a(llf_rnd_trng90b.c.obj)
                0x0000000000003858                LLF_RND_RunTrngStartupTest
 .text.mbedtls_hardware_poll
                0x0000000000003874      0x104 /home/adi262/fp-f24-iot-venture-pitch-smartbeehive/memfault_ble_prj/nrfxlib/crypto/nrf_cc312_platform/lib/cortex-m33/soft-float/no-interrupts/libnrf_cc312_platform_0.9.19.a(trng_api.c.obj)
                0x0000000000003874                mbedtls_hardware_poll
 .text.cc_mbedtls_sha256_init
                0x0000000000003978       0x28 /home/adi262/fp-f24-iot-venture-pitch-smartbeehive/memfault_ble_prj/nrfxlib/crypto/nrf_cc312_platform/lib/cortex-m33/soft-float/no-interrupts/libnrf_cc312_platform_0.9.19.a(sha256_alt.c.obj)
                0x0000000000003978                cc_mbedtls_sha256_init
 .text.cc_mbedtls_sha256_free
                0x00000000000039a0        0xc /home/adi262/fp-f24-iot-venture-pitch-smartbeehive/memfault_ble_prj/nrfxlib/crypto/nrf_cc312_platform/lib/cortex-m33/soft-float/no-interrupts/libnrf_cc312_platform_0.9.19.a(sha256_alt.c.obj)
                0x00000000000039a0                cc_mbedtls_sha256_free
 .text.cc_mbedtls_sha256_starts
                0x00000000000039ac       0x28 /home/adi262/fp-f24-iot-venture-pitch-smartbeehive/memfault_ble_prj/nrfxlib/crypto/nrf_cc312_platform/lib/cortex-m33/soft-float/no-interrupts/libnrf_cc312_platform_0.9.19.a(sha256_alt.c.obj)
                0x00000000000039ac                cc_mbedtls_sha256_starts
 .text.cc_mbedtls_sha256_update
                0x00000000000039d4       0x54 /home/adi262/fp-f24-iot-venture-pitch-smartbeehive/memfault_ble_prj/nrfxlib/crypto/nrf_cc312_platform/lib/cortex-m33/soft-float/no-interrupts/libnrf_cc312_platform_0.9.19.a(sha256_alt.c.obj)
                0x00000000000039d4                cc_mbedtls_sha256_update
 .text.cc_mbedtls_sha256_finish
                0x0000000000003a28       0x48 /home/adi262/fp-f24-iot-venture-pitch-smartbeehive/memfault_ble_prj/nrfxlib/crypto/nrf_cc312_platform/lib/cortex-m33/soft-float/no-interrupts/libnrf_cc312_platform_0.9.19.a(sha256_alt.c.obj)
                0x0000000000003a28                cc_mbedtls_sha256_finish
 .text.mbedtls_sha_starts_internal
                0x0000000000003a70       0x28 /home/adi262/fp-f24-iot-venture-pitch-smartbeehive/memfault_ble_prj/nrfxlib/crypto/nrf_cc312_platform/lib/cortex-m33/soft-float/no-interrupts/libnrf_cc312_platform_0.9.19.a(mbedtls_hash_common.c.obj)
                0x0000000000003a70                mbedtls_sha_starts_internal
 .text.mbedtls_sha_finish_internal
                0x0000000000003a98       0x5c /home/adi262/fp-f24-iot-venture-pitch-smartbeehive/memfault_ble_prj/nrfxlib/crypto/nrf_cc312_platform/lib/cortex-m33/soft-float/no-interrupts/libnrf_cc312_platform_0.9.19.a(mbedtls_hash_common.c.obj)
                0x0000000000003a98                mbedtls_sha_finish_internal
 .text.mbedtls_sha_update_internal
                0x0000000000003af4      0x1ec /home/adi262/fp-f24-iot-venture-pitch-smartbeehive/memfault_ble_prj/nrfxlib/crypto/nrf_cc312_platform/lib/cortex-m33/soft-float/no-interrupts/libnrf_cc312_platform_0.9.19.a(mbedtls_hash_common.c.obj)
                0x0000000000003af4                mbedtls_sha_update_internal
 .text.cc_mbedtls_sha256
                0x0000000000003ce0       0x50 /home/adi262/fp-f24-iot-venture-pitch-smartbeehive/memfault_ble_prj/nrfxlib/crypto/nrf_cc312_platform/lib/cortex-m33/soft-float/no-interrupts/libnrf_cc312_platform_0.9.19.a(sha256.c.obj)
                0x0000000000003ce0                cc_mbedtls_sha256
 .text.RNG_PLAT_SetUserRngParameters
                0x0000000000003d30       0x74 /home/adi262/fp-f24-iot-venture-pitch-smartbeehive/memfault_ble_prj/nrfxlib/crypto/nrf_cc312_platform/lib/cortex-m33/soft-float/no-interrupts/libnrf_cc312_platform_0.9.19.a(cc_rng_plat.c.obj)
                0x0000000000003d30                RNG_PLAT_SetUserRngParameters
 .text.CC_PalTrngParamGet
                0x0000000000003da4       0xac /home/adi262/fp-f24-iot-venture-pitch-smartbeehive/memfault_ble_prj/nrfxlib/crypto/nrf_cc312_platform/lib/cortex-m33/soft-float/no-interrupts/libnrf_cc312_platform_0.9.19.a(cc_pal_trng.c.obj)
                0x0000000000003da4                CC_PalTrngParamGet
 .text.LLF_RND_WaitRngInterrupt
                0x0000000000003e50       0x20 /home/adi262/fp-f24-iot-venture-pitch-smartbeehive/memfault_ble_prj/nrfxlib/crypto/nrf_cc312_platform/lib/cortex-m33/soft-float/no-interrupts/libnrf_cc312_platform_0.9.19.a(llf_rnd.c.obj)
                0x0000000000003e50                LLF_RND_WaitRngInterrupt
 .text.LLF_RND_GetRoscSampleCnt
                0x0000000000003e70       0x34 /home/adi262/fp-f24-iot-venture-pitch-smartbeehive/memfault_ble_prj/nrfxlib/crypto/nrf_cc312_platform/lib/cortex-m33/soft-float/no-interrupts/libnrf_cc312_platform_0.9.19.a(llf_rnd.c.obj)
                0x0000000000003e70                LLF_RND_GetRoscSampleCnt
 .text.LLF_RND_GetFastestRosc
                0x0000000000003ea4       0x20 /home/adi262/fp-f24-iot-venture-pitch-smartbeehive/memfault_ble_prj/nrfxlib/crypto/nrf_cc312_platform/lib/cortex-m33/soft-float/no-interrupts/libnrf_cc312_platform_0.9.19.a(llf_rnd.c.obj)
                0x0000000000003ea4                LLF_RND_GetFastestRosc
 .text.LLF_RND_TurnOffTrng
                0x0000000000003ec4       0x24 /home/adi262/fp-f24-iot-venture-pitch-smartbeehive/memfault_ble_prj/nrfxlib/crypto/nrf_cc312_platform/lib/cortex-m33/soft-float/no-interrupts/libnrf_cc312_platform_0.9.19.a(llf_rnd.c.obj)
                0x0000000000003ec4                LLF_RND_TurnOffTrng
 .text.SetDataBuffersInfo
                0x0000000000003ee8       0x64 /home/adi262/fp-f24-iot-venture-pitch-smartbeehive/memfault_ble_prj/nrfxlib/crypto/nrf_cc312_platform/lib/cortex-m33/soft-float/no-interrupts/libnrf_cc312_platform_0.9.19.a(driver_common.c.obj)
                0x0000000000003ee8                SetDataBuffersInfo
 .text.InitHashDrv
                0x0000000000003f4c       0x50 /home/adi262/fp-f24-iot-venture-pitch-smartbeehive/memfault_ble_prj/nrfxlib/crypto/nrf_cc312_platform/lib/cortex-m33/soft-float/no-interrupts/libnrf_cc312_platform_0.9.19.a(hash_driver.c.obj)
                0x0000000000003f4c                InitHashDrv
 .text.ProcessHashDrv
                0x0000000000003f9c      0x210 /home/adi262/fp-f24-iot-venture-pitch-smartbeehive/memfault_ble_prj/nrfxlib/crypto/nrf_cc312_platform/lib/cortex-m33/soft-float/no-interrupts/libnrf_cc312_platform_0.9.19.a(hash_driver.c.obj)
                0x0000000000003f9c                ProcessHashDrv
 .text.FinishHashDrv
                0x00000000000041ac       0x74 /home/adi262/fp-f24-iot-venture-pitch-smartbeehive/memfault_ble_prj/nrfxlib/crypto/nrf_cc312_platform/lib/cortex-m33/soft-float/no-interrupts/libnrf_cc312_platform_0.9.19.a(hash_driver.c.obj)
                0x00000000000041ac                FinishHashDrv
 .text.CC_PalDataBufferAttrGet
                0x0000000000004220        0x8 /home/adi262/fp-f24-iot-venture-pitch-smartbeehive/memfault_ble_prj/nrfxlib/crypto/nrf_cc312_platform/lib/cortex-m33/soft-float/no-interrupts/libnrf_cc312_platform_0.9.19.a(cc_pal_buff_attr.c.obj)
                0x0000000000004220                CC_PalDataBufferAttrGet
 .text          0x0000000000004228       0xc8 /home/adi262/ncs/toolchains/e9dba88316/opt/zephyr-sdk/arm-zephyr-eabi/bin/../lib/gcc/arm-zephyr-eabi/12.2.0/thumb/v8-m.main/nofp/libgcc.a(cmse.o)
                0x0000000000004228                cmse_check_address_range
 .text.exit     0x00000000000042f0       0x28 /home/adi262/ncs/toolchains/e9dba88316/opt/zephyr-sdk/arm-zephyr-eabi/bin/../lib/gcc/arm-zephyr-eabi/12.2.0/../../../../arm-zephyr-eabi/lib/thumb/v8-m.main/nofp/libc_nano.a(lib_a-exit.o)
                0x00000000000042f0                exit
 .text.__libc_init_array
                0x0000000000004318       0x48 /home/adi262/ncs/toolchains/e9dba88316/opt/zephyr-sdk/arm-zephyr-eabi/bin/../lib/gcc/arm-zephyr-eabi/12.2.0/../../../../arm-zephyr-eabi/lib/thumb/v8-m.main/nofp/libc_nano.a(lib_a-init.o)
                0x0000000000004318                __libc_init_array
 .text._exit    0x0000000000004360        0x4 /home/adi262/ncs/toolchains/e9dba88316/opt/zephyr-sdk/arm-zephyr-eabi/bin/../lib/gcc/arm-zephyr-eabi/12.2.0/../../../../arm-zephyr-eabi/lib/thumb/v8-m.main/nofp/libnosys.a(_exit.o)
                0x0000000000004360                _exit
 .text.clear_caller_context
                0x0000000000004364        0x8 secure_fw/CMakeFiles/tfm_s.dir/partitions/ns_agent_tz/psa_api_veneers_v80m.o
 .text.C_HardFault_Handler
                0x000000000000436c        0x4 secure_fw/CMakeFiles/tfm_s.dir/__/platform/ext/common/faults.o
                0x000000000000436c                C_HardFault_Handler
 .text.HardFault_Handler
                0x0000000000004370       0x1c secure_fw/CMakeFiles/tfm_s.dir/__/platform/ext/common/faults.o
                0x0000000000004370                HardFault_Handler
 .text.C_MemManage_Handler
                0x000000000000438c        0x4 secure_fw/CMakeFiles/tfm_s.dir/__/platform/ext/common/faults.o
                0x000000000000438c                C_MemManage_Handler
 .text.MemManage_Handler
                0x0000000000004390       0x1c secure_fw/CMakeFiles/tfm_s.dir/__/platform/ext/common/faults.o
                0x0000000000004390                MemManage_Handler
 .text.C_BusFault_Handler
                0x00000000000043ac        0x4 secure_fw/CMakeFiles/tfm_s.dir/__/platform/ext/common/faults.o
                0x00000000000043ac                C_BusFault_Handler
 .text.BusFault_Handler
                0x00000000000043b0       0x1c secure_fw/CMakeFiles/tfm_s.dir/__/platform/ext/common/faults.o
                0x00000000000043b0                BusFault_Handler
 .text.C_SecureFault_Handler
                0x00000000000043cc        0x4 secure_fw/CMakeFiles/tfm_s.dir/__/platform/ext/common/faults.o
                0x00000000000043cc                C_SecureFault_Handler
 .text.SecureFault_Handler
                0x00000000000043d0       0x1c secure_fw/CMakeFiles/tfm_s.dir/__/platform/ext/common/faults.o
                0x00000000000043d0                SecureFault_Handler
 .text.C_UsageFault_Handler
                0x00000000000043ec        0x4 secure_fw/CMakeFiles/tfm_s.dir/__/platform/ext/common/faults.o
                0x00000000000043ec                C_UsageFault_Handler
 .text.UsageFault_Handler
                0x00000000000043f0       0x1c secure_fw/CMakeFiles/tfm_s.dir/__/platform/ext/common/faults.o
                0x00000000000043f0                UsageFault_Handler
 .text.memcpy   0x000000000000440c       0x4a secure_fw/partitions/lib/runtime/libtfm_sprt.a(crt_memcpy.o)
                0x000000000000440c                memcpy
 .text.memset   0x0000000000004456       0x46 secure_fw/partitions/lib/runtime/libtfm_sprt.a(crt_memset.o)
                0x0000000000004456                memset
 .text.psa_framework_version
                0x000000000000449c       0x18 secure_fw/partitions/lib/runtime/libtfm_sprt.a(psa_interface_sfn.o)
                0x000000000000449c                psa_framework_version
 .text.psa_version
                0x00000000000044b4       0x1c secure_fw/partitions/lib/runtime/libtfm_sprt.a(psa_interface_sfn.o)
                0x00000000000044b4                psa_version
 .text.psa_read
                0x00000000000044d0       0x2a secure_fw/partitions/lib/runtime/libtfm_sprt.a(psa_interface_sfn.o)
                0x00000000000044d0                psa_read
 .text.psa_write
                0x00000000000044fa       0x2a secure_fw/partitions/lib/runtime/libtfm_sprt.a(psa_interface_sfn.o)
                0x00000000000044fa                psa_write
 .text.psa_panic
                0x0000000000004524       0x18 secure_fw/partitions/lib/runtime/libtfm_sprt.a(psa_interface_sfn.o)
                0x0000000000004524                psa_panic
 .text.platform_calloc_uninit
                0x000000000000453c        0x4 secure_fw/partitions/crypto/mbedcrypto/nrf_security_src/libcrypto_service_mbedcrypto.a(platform.o)
 .text.platform_free_uninit
                0x0000000000004540        0x2 secure_fw/partitions/crypto/mbedcrypto/nrf_security_src/libcrypto_service_mbedcrypto.a(platform.o)
 .text.mbedtls_zeroize_and_free
                0x0000000000004542       0x14 secure_fw/partitions/crypto/mbedcrypto/nrf_security_src/libcrypto_service_mbedcrypto.a(platform_util.o)
                0x0000000000004542                mbedtls_zeroize_and_free
 .text.psa_remove_key_data_from_memory
                0x0000000000004556       0x16 secure_fw/partitions/crypto/mbedcrypto/nrf_security_src/libcrypto_service_mbedcrypto.a(psa_crypto.o)
                0x0000000000004556                psa_remove_key_data_from_memory
 .text.psa_wipe_key_slot
                0x000000000000456c       0x22 secure_fw/partitions/crypto/mbedcrypto/nrf_security_src/libcrypto_service_mbedcrypto.a(psa_crypto.o)
                0x000000000000456c                psa_wipe_key_slot
 .text.psa_driver_wrapper_init
                0x000000000000458e        0x4 secure_fw/partitions/crypto/mbedcrypto/nrf_security_src/libcrypto_service_mbedcrypto.a(psa_crypto_driver_wrappers.o)
                0x000000000000458e                psa_driver_wrapper_init
 .text.psa_driver_wrapper_free
                0x0000000000004592        0x2 secure_fw/partitions/crypto/mbedcrypto/nrf_security_src/libcrypto_service_mbedcrypto.a(psa_crypto_driver_wrappers.o)
                0x0000000000004592                psa_driver_wrapper_free
 .text.psa_driver_wrapper_init_random
                0x0000000000004594        0x4 secure_fw/partitions/crypto/mbedcrypto/nrf_security_src/libcrypto_service_mbedcrypto.a(psa_crypto_driver_wrappers.o)
                0x0000000000004594                psa_driver_wrapper_init_random
 .text.psa_driver_wrapper_get_random
                0x0000000000004598       0x22 secure_fw/partitions/crypto/mbedcrypto/nrf_security_src/libcrypto_service_mbedcrypto.a(psa_crypto_driver_wrappers.o)
                0x0000000000004598                psa_driver_wrapper_get_random
 .text.psa_driver_wrapper_free_random
                0x00000000000045ba        0x4 secure_fw/partitions/crypto/mbedcrypto/nrf_security_src/libcrypto_service_mbedcrypto.a(psa_crypto_driver_wrappers.o)
                0x00000000000045ba                psa_driver_wrapper_free_random
 .text          0x00000000000045be       0x38 /home/adi262/ncs/toolchains/e9dba88316/opt/zephyr-sdk/arm-zephyr-eabi/bin/../lib/gcc/arm-zephyr-eabi/12.2.0/thumb/v8-m.main/nofp/libgcc.a(cmse_nonsecure_call.o)
                0x00000000000045be                __gnu_cmse_nonsecure_call
 .text.memmove  0x00000000000045f6       0x34 /home/adi262/ncs/toolchains/e9dba88316/opt/zephyr-sdk/arm-zephyr-eabi/bin/../lib/gcc/arm-zephyr-eabi/12.2.0/../../../../arm-zephyr-eabi/lib/thumb/v8-m.main/nofp/libc_nano.a(lib_a-memmove.o)
                0x00000000000045f6                memmove
 *(.init)
 *fill*         0x000000000000462a        0x2 
 .init          0x000000000000462c        0x4 /home/adi262/ncs/toolchains/e9dba88316/opt/zephyr-sdk/arm-zephyr-eabi/bin/../lib/gcc/arm-zephyr-eabi/12.2.0/thumb/v8-m.main/nofp/crti.o
                0x000000000000462c                _init
 .init          0x0000000000004630        0x8 /home/adi262/ncs/toolchains/e9dba88316/opt/zephyr-sdk/arm-zephyr-eabi/bin/../lib/gcc/arm-zephyr-eabi/12.2.0/thumb/v8-m.main/nofp/crtn.o
 *(.fini)
 .fini          0x0000000000004638        0x4 /home/adi262/ncs/toolchains/e9dba88316/opt/zephyr-sdk/arm-zephyr-eabi/bin/../lib/gcc/arm-zephyr-eabi/12.2.0/thumb/v8-m.main/nofp/crti.o
                0x0000000000004638                _fini
 .fini          0x000000000000463c        0x8 /home/adi262/ncs/toolchains/e9dba88316/opt/zephyr-sdk/arm-zephyr-eabi/bin/../lib/gcc/arm-zephyr-eabi/12.2.0/thumb/v8-m.main/nofp/crtn.o
 *crtbegin.o(.ctors)
 *crtbegin?.o(.ctors)
 *(EXCLUDE_FILE(*crtend.o *crtend?.o) .ctors)
 *(SORT_BY_NAME(.ctors.*))
 *(.ctors)
 *crtbegin.o(.dtors)
 *crtbegin?.o(.dtors)
 *(EXCLUDE_FILE(*crtend.o *crtend?.o) .dtors)
 *(SORT_BY_NAME(.dtors.*))
 *(.dtors)
 *(SORT_BY_ALIGNMENT(.rodata*))
 .rodata.CSWTCH.10
                0x0000000000004644       0x20 /home/adi262/fp-f24-iot-venture-pitch-smartbeehive/memfault_ble_prj/nrfxlib/crypto/nrf_cc312_platform/lib/cortex-m33/soft-float/no-interrupts/libnrf_cc312_platform_0.9.19.a(nrf_cc3xx_platform.c.obj)
 .rodata.RndStartupTest.constprop.0.str1.4
                0x0000000000004664       0x6f /home/adi262/fp-f24-iot-venture-pitch-smartbeehive/memfault_ble_prj/nrfxlib/crypto/nrf_cc312_platform/lib/cortex-m33/soft-float/no-interrupts/libnrf_cc312_platform_0.9.19.a(cc_lib.c.obj)
 *fill*         0x00000000000046d3        0x1 
 .rodata.CC_PalPowerSaveModeInit.str1.4
                0x00000000000046d4       0x20 /home/adi262/fp-f24-iot-venture-pitch-smartbeehive/memfault_ble_prj/nrfxlib/crypto/nrf_cc312_platform/lib/cortex-m33/soft-float/no-interrupts/libnrf_cc312_platform_0.9.19.a(cc_pal_pm.c.obj)
 .rodata.mutex_free.str1.4
                0x00000000000046f4       0x26 /home/adi262/fp-f24-iot-venture-pitch-smartbeehive/memfault_ble_prj/nrfxlib/crypto/nrf_cc312_platform/lib/cortex-m33/soft-float/no-interrupts/libnrf_cc312_platform_0.9.19.a(nrf_cc3xx_platform_mutex.c.obj)
 *fill*         0x000000000000471a        0x2 
 .rodata.mutex_init.str1.4
                0x000000000000471c       0x23 /home/adi262/fp-f24-iot-venture-pitch-smartbeehive/memfault_ble_prj/nrfxlib/crypto/nrf_cc312_platform/lib/cortex-m33/soft-float/no-interrupts/libnrf_cc312_platform_0.9.19.a(nrf_cc3xx_platform_mutex.c.obj)
 *fill*         0x000000000000473f        0x1 
 .rodata.mbedtls_hardware_poll.str1.4
                0x0000000000004740       0x16 /home/adi262/fp-f24-iot-venture-pitch-smartbeehive/memfault_ble_prj/nrfxlib/crypto/nrf_cc312_platform/lib/cortex-m33/soft-float/no-interrupts/libnrf_cc312_platform_0.9.19.a(trng_api.c.obj)
                                         0x6e (size before relaxing)
 *fill*         0x0000000000004756        0x2 
 .rodata.cc_mbedtls_sha256_init.str1.4
                0x0000000000004758        0xe /home/adi262/fp-f24-iot-venture-pitch-smartbeehive/memfault_ble_prj/nrfxlib/crypto/nrf_cc312_platform/lib/cortex-m33/soft-float/no-interrupts/libnrf_cc312_platform_0.9.19.a(sha256_alt.c.obj)
 .rodata.ProcessHashDrv.str1.4
                0x0000000000004766       0x6f /home/adi262/fp-f24-iot-venture-pitch-smartbeehive/memfault_ble_prj/nrfxlib/crypto/nrf_cc312_platform/lib/cortex-m33/soft-float/no-interrupts/libnrf_cc312_platform_0.9.19.a(hash_driver.c.obj)
 *fill*         0x0000000000004766        0x2 
 .rodata.HASH_LARVAL_SHA256
                0x0000000000004768       0x20 /home/adi262/fp-f24-iot-venture-pitch-smartbeehive/memfault_ble_prj/nrfxlib/crypto/nrf_cc312_platform/lib/cortex-m33/soft-float/no-interrupts/libnrf_cc312_platform_0.9.19.a(hash_driver.c.obj)
 .rodata.HASH_LARVAL_SHA224
                0x0000000000004788       0x20 /home/adi262/fp-f24-iot-venture-pitch-smartbeehive/memfault_ble_prj/nrfxlib/crypto/nrf_cc312_platform/lib/cortex-m33/soft-float/no-interrupts/libnrf_cc312_platform_0.9.19.a(hash_driver.c.obj)
 .rodata.HASH_LARVAL_SHA1
                0x00000000000047a8       0x14 /home/adi262/fp-f24-iot-venture-pitch-smartbeehive/memfault_ble_prj/nrfxlib/crypto/nrf_cc312_platform/lib/cortex-m33/soft-float/no-interrupts/libnrf_cc312_platform_0.9.19.a(hash_driver.c.obj)
 .rodata._global_impure_ptr
                0x00000000000047bc        0x4 /home/adi262/ncs/toolchains/e9dba88316/opt/zephyr-sdk/arm-zephyr-eabi/bin/../lib/gcc/arm-zephyr-eabi/12.2.0/../../../../arm-zephyr-eabi/lib/thumb/v8-m.main/nofp/libc_nano.a(lib_a-impure.o)
                0x00000000000047bc                _global_impure_ptr
 .rodata.str1.1
                0x00000000000047c0        0xb secure_fw/CMakeFiles/tfm_s.dir/__/generated/secure_fw/partitions/crypto/auto_generated/load_info_tfm_crypto.o
 .rodata.str1.1
                0x00000000000047cb       0x15 secure_fw/CMakeFiles/tfm_s.dir/__/generated/secure_fw/partitions/platform/auto_generated/load_info_tfm_platform.o
 *(.eh_frame*)
 .eh_frame      0x00000000000047e0        0x0 /home/adi262/ncs/toolchains/e9dba88316/opt/zephyr-sdk/arm-zephyr-eabi/bin/../lib/gcc/arm-zephyr-eabi/12.2.0/thumb/v8-m.main/nofp/crtbegin.o
 .eh_frame      0x00000000000047e0        0x4 /home/adi262/ncs/toolchains/e9dba88316/opt/zephyr-sdk/arm-zephyr-eabi/bin/../lib/gcc/arm-zephyr-eabi/12.2.0/thumb/v8-m.main/nofp/crtend.o
                0x0000000000004800                . = ALIGN (0x20)
 *fill*         0x00000000000047e4       0x1c 
                0x00000000000020a0                Image$$TFM_UNPRIV_CODE_START$$RO$$Base = ADDR (.TFM_UNPRIV_CODE)
                0x0000000000004800                Image$$TFM_UNPRIV_CODE_END$$RO$$Limit = (ADDR (.TFM_UNPRIV_CODE) + SIZEOF (.TFM_UNPRIV_CODE))

.glue_7         0x0000000000004800        0x0
 .glue_7        0x0000000000004800        0x0 linker stubs

.glue_7t        0x0000000000004800        0x0
 .glue_7t       0x0000000000004800        0x0 linker stubs

.vfp11_veneer   0x0000000000004800        0x0
 .vfp11_veneer  0x0000000000004800        0x0 linker stubs

.v4_bx          0x0000000000004800        0x0
 .v4_bx         0x0000000000004800        0x0 linker stubs

.iplt           0x0000000000004800        0x0
 .iplt          0x0000000000004800        0x0 /home/adi262/ncs/toolchains/e9dba88316/opt/zephyr-sdk/arm-zephyr-eabi/bin/../lib/gcc/arm-zephyr-eabi/12.2.0/thumb/v8-m.main/nofp/crtbegin.o

.rel.dyn        0x0000000000004800        0x0
 .rel.iplt      0x0000000000004800        0x0 /home/adi262/ncs/toolchains/e9dba88316/opt/zephyr-sdk/arm-zephyr-eabi/bin/../lib/gcc/arm-zephyr-eabi/12.2.0/thumb/v8-m.main/nofp/crtbegin.o

.gnu.sgstubs    0x0000000000007c00       0x40
 *(.gnu.sgstubs*)
 .gnu.sgstubs.__stub
                0x0000000000007c00       0x28 linker stubs
                0x0000000000007c00                tfm_psa_framework_version_veneer
                0x0000000000007c08                tfm_psa_version_veneer
                0x0000000000007c10                tfm_psa_close_veneer
                0x0000000000007c18                tfm_psa_connect_veneer
                0x0000000000007c20                tfm_psa_call_veneer

.sgstubs_end    0x0000000000008000        0x0

.tfm_secure_data_start
                0x0000000020000000        0x0
                0x0000000020000000                . = ALIGN (0x4)

.tfm_bl2_shared_data
                0x0000000020000000      0x400
                0x0000000020000400                . = (. + 0x400)
 *fill*         0x0000000020000000      0x400 

.msp_stack      0x0000000020000400      0x7f8
                0x0000000020000bf8                . = (. + (__msp_stack_size__ - 0x8))
 *fill*         0x0000000020000400      0x7f8 
                0x0000000020000400                Image$$ARM_LIB_STACK$$ZI$$Base = ADDR (.msp_stack)
                0x0000000020000bf8                Image$$ARM_LIB_STACK$$ZI$$Limit = (ADDR (.msp_stack) + SIZEOF (.msp_stack))

.msp_stack_seal_res
                0x0000000020000bf8        0x8
                0x0000000020000c00                . = (. + 0x8)
 *fill*         0x0000000020000bf8        0x8 
                0x0000000020000bf8                __StackSeal = ADDR (.msp_stack_seal_res)
                0x0000000020000c00                . = ALIGN (0x20)
                0x0000000020000c00                Image$$TFM_APP_RW_STACK_START$$Base = .

.TFM_APP_ROT_LINKER_DATA
                0x0000000020000c00        0x0 load address 0x0000000000007c40
 *tfm_app_rot_partition*:(SORT_BY_ALIGNMENT(.data*))
 *(TFM_*_APP-ROT_ATTR_RW)
                0x0000000020000c00                . = ALIGN (0x4)
                0x0000000020000c00                Image$$TFM_APP_ROT_LINKER_DATA$$RW$$Base = ADDR (.TFM_APP_ROT_LINKER_DATA)
                0x0000000020000c00                Image$$TFM_APP_ROT_LINKER_DATA$$RW$$Limit = (ADDR (.TFM_APP_ROT_LINKER_DATA) + SIZEOF (.TFM_APP_ROT_LINKER_DATA))

.TFM_APP_ROT_LINKER_BSS
                0x0000000020000c00       0x20
                0x0000000020000c00                start_of_TFM_APP_ROT_LINKER = .
 *tfm_app_rot_partition*:(SORT_BY_ALIGNMENT(.bss*))
 *tfm_app_rot_partition*:*(COMMON)
 *(TFM_*_APP-ROT_ATTR_ZI)
                0x0000000020000c04                . = (. + (. - start_of_TFM_APP_ROT_LINKER)?0x0:0x4)
 *fill*         0x0000000020000c00        0x4 
                0x0000000020000c20                . = ALIGN (0x20)
 *fill*         0x0000000020000c04       0x1c 
                0x0000000020000c00                Image$$TFM_APP_ROT_LINKER_DATA$$ZI$$Base = ADDR (.TFM_APP_ROT_LINKER_BSS)
                0x0000000020000c20                Image$$TFM_APP_ROT_LINKER_DATA$$ZI$$Limit = (ADDR (.TFM_APP_ROT_LINKER_BSS) + SIZEOF (.TFM_APP_ROT_LINKER_BSS))
                0x0000000020000c20                Image$$TFM_APP_RW_STACK_END$$Base = .
                0x0000000020000c20                Image$$TFM_PSA_RW_STACK_START$$Base = .

.TFM_PSA_ROT_LINKER_DATA
                0x0000000020000c20        0x0 load address 0x0000000000007c40
 *tfm_psa_rot_partition*:(SORT_BY_ALIGNMENT(.data*))
 *(TFM_*_PSA-ROT_ATTR_RW)
                0x0000000020000c20                . = ALIGN (0x4)
                0x0000000020000c20                Image$$TFM_PSA_ROT_LINKER_DATA$$RW$$Base = ADDR (.TFM_PSA_ROT_LINKER_DATA)
                0x0000000020000c20                Image$$TFM_PSA_ROT_LINKER_DATA$$RW$$Limit = (ADDR (.TFM_PSA_ROT_LINKER_DATA) + SIZEOF (.TFM_PSA_ROT_LINKER_DATA))

.TFM_PSA_ROT_LINKER_BSS
                0x0000000020000c20      0x460
                0x0000000020000c20                start_of_TFM_PSA_ROT_LINKER = .
 *tfm_psa_rot_partition*:(SORT_BY_ALIGNMENT(.bss*))
 .bss.scratch   0x0000000020000c20      0x408 secure_fw/partitions/crypto/libtfm_psa_rot_partition_crypto.a(crypto_init.o)
 .bss.operations
                0x0000000020001028       0x28 secure_fw/partitions/crypto/libtfm_psa_rot_partition_crypto.a(crypto_alloc.o)
 .bss.mbedtls_mem_buf
                0x0000000020001050        0x1 secure_fw/partitions/crypto/libtfm_psa_rot_partition_crypto.a(crypto_library.o)
 .bss.mbedtls_version_full
                0x0000000020001051       0x12 secure_fw/partitions/crypto/libtfm_psa_rot_partition_crypto.a(crypto_library.o)
 *tfm_psa_rot_partition*:*(COMMON)
 *(TFM_*_PSA-ROT_ATTR_ZI)
                0x0000000020001063                . = (. + (. - start_of_TFM_PSA_ROT_LINKER)?0x0:0x4)
                0x0000000020001080                . = ALIGN (0x20)
 *fill*         0x0000000020001063       0x1d 
                0x0000000020000c20                Image$$TFM_PSA_ROT_LINKER_DATA$$ZI$$Base = ADDR (.TFM_PSA_ROT_LINKER_BSS)
                0x0000000020001080                Image$$TFM_PSA_ROT_LINKER_DATA$$ZI$$Limit = (ADDR (.TFM_PSA_ROT_LINKER_BSS) + SIZEOF (.TFM_PSA_ROT_LINKER_BSS))
                0x0000000020001080                Image$$TFM_PSA_RW_STACK_END$$Base = .

.TFM_DATA       0x0000000020001080       0xfc load address 0x0000000000007c40
 *(SORT_BY_ALIGNMENT(.data*))
 .data.ret_err  0x0000000020001080        0x4 secure_fw/CMakeFiles/tfm_s.dir/partitions/ns_agent_tz/psa_api_veneers_v80m.o
                0x0000000020001080                ret_err
 .data.dev_mpu_s
                0x0000000020001084        0x4 secure_fw/spm/libtfm_spm.a(tfm_hal_isolation.o)
                0x0000000020001084                dev_mpu_s
 .data.tfm_peripheral_vmc
                0x0000000020001088        0x8 secure_fw/spm/libtfm_spm.a(target_cfg.o)
                0x0000000020001088                tfm_peripheral_vmc
 .data.serv_pool_sa
                0x0000000020001090        0x4 secure_fw/spm/libtfm_spm.a(rom_loader.o)
 .data.part_pool_sa
                0x0000000020001094        0x4 secure_fw/spm/libtfm_spm.a(rom_loader.o)
 .data.ldinf_sa
                0x0000000020001098        0x4 secure_fw/spm/libtfm_spm.a(rom_loader.o)
 .data.mbedtls_free_func
                0x000000002000109c        0x4 secure_fw/partitions/crypto/mbedcrypto/nrf_security_src/libcrypto_service_mbedcrypto.a(platform.o)
 .data.mbedtls_calloc_func
                0x00000000200010a0        0x4 secure_fw/partitions/crypto/mbedcrypto/nrf_security_src/libcrypto_service_mbedcrypto.a(platform.o)
 .data.memset_func
                0x00000000200010a4        0x4 secure_fw/partitions/crypto/mbedcrypto/nrf_security_src/libcrypto_service_mbedcrypto.a(platform_util.o)
 .data.pCCRndCryptoMutex
                0x00000000200010a8        0x4 /home/adi262/fp-f24-iot-venture-pitch-smartbeehive/memfault_ble_prj/nrfxlib/crypto/nrf_cc312_platform/lib/cortex-m33/soft-float/no-interrupts/libnrf_cc312_platform_0.9.19.a(cc_pal.c.obj)
                0x00000000200010a8                pCCRndCryptoMutex
 .data.CCPowerMutex
                0x00000000200010ac        0x4 /home/adi262/fp-f24-iot-venture-pitch-smartbeehive/memfault_ble_prj/nrfxlib/crypto/nrf_cc312_platform/lib/cortex-m33/soft-float/no-interrupts/libnrf_cc312_platform_0.9.19.a(cc_pal.c.obj)
                0x00000000200010ac                CCPowerMutex
 .data.CCRndCryptoMutex
                0x00000000200010b0        0x4 /home/adi262/fp-f24-iot-venture-pitch-smartbeehive/memfault_ble_prj/nrfxlib/crypto/nrf_cc312_platform/lib/cortex-m33/soft-float/no-interrupts/libnrf_cc312_platform_0.9.19.a(cc_pal.c.obj)
                0x00000000200010b0                CCRndCryptoMutex
 .data.CCAsymCryptoMutex
                0x00000000200010b4        0x4 /home/adi262/fp-f24-iot-venture-pitch-smartbeehive/memfault_ble_prj/nrfxlib/crypto/nrf_cc312_platform/lib/cortex-m33/soft-float/no-interrupts/libnrf_cc312_platform_0.9.19.a(cc_pal.c.obj)
                0x00000000200010b4                CCAsymCryptoMutex
 .data.CCSymCryptoMutex
                0x00000000200010b8        0x4 /home/adi262/fp-f24-iot-venture-pitch-smartbeehive/memfault_ble_prj/nrfxlib/crypto/nrf_cc312_platform/lib/cortex-m33/soft-float/no-interrupts/libnrf_cc312_platform_0.9.19.a(cc_pal.c.obj)
                0x00000000200010b8                CCSymCryptoMutex
 .data.mbedtls_mutex_unlock
                0x00000000200010bc        0x4 /home/adi262/fp-f24-iot-venture-pitch-smartbeehive/memfault_ble_prj/nrfxlib/crypto/nrf_cc312_platform/lib/cortex-m33/soft-float/no-interrupts/libnrf_cc312_platform_0.9.19.a(threading_alt.c.obj)
                0x00000000200010bc                mbedtls_mutex_unlock
 .data.mbedtls_mutex_lock
                0x00000000200010c0        0x4 /home/adi262/fp-f24-iot-venture-pitch-smartbeehive/memfault_ble_prj/nrfxlib/crypto/nrf_cc312_platform/lib/cortex-m33/soft-float/no-interrupts/libnrf_cc312_platform_0.9.19.a(threading_alt.c.obj)
                0x00000000200010c0                mbedtls_mutex_lock
 .data.mbedtls_mutex_init
                0x00000000200010c4        0x4 /home/adi262/fp-f24-iot-venture-pitch-smartbeehive/memfault_ble_prj/nrfxlib/crypto/nrf_cc312_platform/lib/cortex-m33/soft-float/no-interrupts/libnrf_cc312_platform_0.9.19.a(threading_alt.c.obj)
                0x00000000200010c4                mbedtls_mutex_init
 .data.platform_abort_apis
                0x00000000200010c8        0x8 /home/adi262/fp-f24-iot-venture-pitch-smartbeehive/memfault_ble_prj/nrfxlib/crypto/nrf_cc312_platform/lib/cortex-m33/soft-float/no-interrupts/libnrf_cc312_platform_0.9.19.a(nrf_cc3xx_platform_abort.c.obj)
                0x00000000200010c8                platform_abort_apis
 .data.platform_mutexes
                0x00000000200010d0       0x14 /home/adi262/fp-f24-iot-venture-pitch-smartbeehive/memfault_ble_prj/nrfxlib/crypto/nrf_cc312_platform/lib/cortex-m33/soft-float/no-interrupts/libnrf_cc312_platform_0.9.19.a(nrf_cc3xx_platform_mutex.c.obj)
                0x00000000200010d0                platform_mutexes
 .data.platform_mutex_apis